
> vale-chronicles@1.0.0 test
> vitest run


[7m[1m[36m RUN [39m[22m[27m [36mv1.6.1[39m [90mC:/Dev/AiGames/Zzzzzzzzz/vale-chronicles[39m

 [32m✓[39m tests/unit/PartyManagement.test.ts [2m ([22m[2m36 tests[22m[2m)[22m[90m 17[2mms[22m[39m
 [32m✓[39m tests/unit/DjinnTeamAdvanced.test.ts [2m ([22m[2m22 tests[22m[2m)[22m[90m 11[2mms[22m[39m
 [33m❯[39m tests/unit/Battle.test.ts [2m ([22m[2m39 tests[22m [2m|[22m [31m1 failed[39m[2m)[22m[90m 129[2mms[22m[39m
[31m   [33m❯[31m tests/unit/Battle.test.ts[2m > [22mCONTEXT-AWARE: Battle System Integration[2m > [22m🎯 AOE abilities are efficient against multiple enemies[39m
[31m     → expected 250 to be greater than 304[39m
 [33m❯[39m tests/unit/DjinnTeam.test.ts [2m ([22m[2m28 tests[22m [2m|[22m [31m8 failed[39m[2m)[22m[90m 30[2mms[22m[39m
[31m   [33m❯[31m tests/unit/DjinnTeam.test.ts[2m > [22mTASK 5: Team-Wide Djinn Bonuses[2m > [22m🎯 3 Venus Djinn boost ALL 4 units equally[39m
[31m     → expected 38 to be 39 // Object.is equality[39m
[31m   [33m❯[31m tests/unit/DjinnTeam.test.ts[2m > [22mTASK 5: Team-Wide Djinn Bonuses[2m > [22m🎯 Without team, units get no Djinn bonus[39m
[31m     → expected 38 to be 39 // Object.is equality[39m
[31m   [33m❯[31m tests/unit/DjinnTeam.test.ts[2m > [22mTASK 5: Team-Wide Djinn Bonuses[2m > [22m🎯 Different Djinn compositions give different bonuses[39m
[31m     → expected 38 to be 39 // Object.is equality[39m
[31m   [33m❯[31m tests/unit/DjinnTeam.test.ts[2m > [22mTASK 5: Djinn Activation System[2m > [22m🎯 Activating Djinn weakens ENTIRE team[39m
[31m     → expected 38 to be 39 // Object.is equality[39m
[31m   [33m❯[31m tests/unit/DjinnTeam.test.ts[2m > [22mTASK 5: Djinn Recovery System[2m > [22m🎯 Recovery restores team strength[39m
[31m     → expected 38 to be 39 // Object.is equality[39m
[31m   [33m❯[31m tests/unit/DjinnTeam.test.ts[2m > [22mCONTEXT-AWARE: Strategic Decisions[2m > [22m🎯 Specialization vs Versatility trade-off[39m
[31m     → expected 38 to be 39 // Object.is equality[39m
[31m   [33m❯[31m tests/unit/DjinnTeam.test.ts[2m > [22mCONTEXT-AWARE: Strategic Decisions[2m > [22m🎯 Activation is high-risk, high-reward[39m
[31m     → expected 38 to be 39 // Object.is equality[39m
[31m   [33m❯[31m tests/unit/DjinnTeam.test.ts[2m > [22mEDGE CASES: Team Djinn System[2m > [22mEquipping 0 Djinn clears bonuses[39m
[31m     → expected 38 to be 39 // Object.is equality[39m
 [33m❯[39m tests/unit/Unit.test.ts [2m ([22m[2m32 tests[22m [2m|[22m [31m6 failed[39m[2m)[22m[90m 33[2mms[22m[39m
[31m   [33m❯[31m tests/unit/Unit.test.ts[2m > [22mTASK 1: Unit Data Models - Core Functionality[2m > [22m✅ Stats auto-calculate based on level[39m
[31m     → expected 14 to be 15 // Object.is equality[39m
[31m   [33m❯[31m tests/unit/Unit.test.ts[2m > [22mCONTEXT-AWARE: Progression Proves Leveling Matters[2m > [22m🎯 Level 1 deals weak damage, Level 5 deals strong damage[39m
[31m     → expected 16 to be 17 // Object.is equality[39m
[31m   [33m❯[31m tests/unit/Unit.test.ts[2m > [22mCONTEXT-AWARE: Unit Variety Creates Strategy[2m > [22m🎯 Garet (DPS) hits 25% harder than Isaac (Balanced)[39m
[31m     → expected 31 to be 34 // Object.is equality[39m
[31m   [33m❯[31m tests/unit/Unit.test.ts[2m > [22mCONTEXT-AWARE: Equipment System Works[2m > [22m🎯 Iron Sword increases damage by 70%[39m
[31m     → expected 38 to be 39 // Object.is equality[39m
[31m   [33m❯[31m tests/unit/Unit.test.ts[2m > [22mCONTEXT-AWARE: Equipment System Works[2m > [22m🎯 Full equipment set makes Lv1 ≈ Lv5 without gear[39m
[31m     → expected 14 to be 15 // Object.is equality[39m
[31m   [33m❯[31m tests/unit/Unit.test.ts[2m > [22mCONTEXT-AWARE: Djinn System Works[2m > [22m🎯 Mixed element Djinn give smaller bonus[39m
[31m     → expected 38 to be 39 // Object.is equality[39m
 [33m❯[39m tests/critical/SummonSystem.test.ts [2m ([22m[2m14 tests[22m [2m|[22m [31m10 failed[39m[2m)[22m[90m 42[2mms[22m[39m
[31m   [33m❯[31m tests/critical/SummonSystem.test.ts[2m > [22mCRITICAL: Summon System Mechanics[2m > [22m✅ Phoenix summon (3 Mars Djinn) deals correct damage[39m
[31m     → expected false to be true // Object.is equality[39m
[31m   [33m❯[31m tests/critical/SummonSystem.test.ts[2m > [22mCRITICAL: Summon System Mechanics[2m > [22m✅ Kraken summon (3 Mercury Djinn) deals correct damage[39m
[31m     → expected false to be true // Object.is equality[39m
[31m   [33m❯[31m tests/critical/SummonSystem.test.ts[2m > [22mCRITICAL: Summon System Mechanics[2m > [22m✅ After summon, all 3 Djinn go to Recovery state[39m
[31m     → expected [ Array(1) ] to have a length of 3 but got 1[39m
[31m   [33m❯[31m tests/critical/SummonSystem.test.ts[2m > [22mEDGE CASES: Summon System Failures[2m > [22m❌ FAIL: Cannot summon with only 2 Djinn in Standby[39m
[31m     → expected [ Array(1) ] to have a length of 2 but got 1[39m
[31m   [33m❯[31m tests/critical/SummonSystem.test.ts[2m > [22mEDGE CASES: Summon System Failures[2m > [22m❌ FAIL: Cannot summon Titan with 3 Mars Djinn (wrong element)[39m
[31m     → expected [ Array(1) ] to have a length of 3 but got 1[39m
[31m   [33m❯[31m tests/critical/SummonSystem.test.ts[2m > [22mEDGE CASES: Summon System Failures[2m > [22m❌ FAIL: Cannot summon with mixed elements (2 Venus + 1 Mars)[39m
[31m     → expected [ Array(1) ] to have a length of 3 but got 1[39m
[31m   [33m❯[31m tests/critical/SummonSystem.test.ts[2m > [22mCRITICAL: Summon Recovery Mechanics[2m > [22m✅ Djinn return to Set after 3 turns in Recovery[39m
[31m     → expected false to be true // Object.is equality[39m
[31m   [33m❯[31m tests/critical/SummonSystem.test.ts[2m > [22mBROKEN?: Summon System Exploits[2m > [22mEXPLOIT: What if caster has 0 MAG? (summon still works?)[39m
[31m     → expected false to be true // Object.is equality[39m
[31m   [33m❯[31m tests/critical/SummonSystem.test.ts[2m > [22mBROKEN?: Summon System Exploits[2m > [22mEXPLOIT: What if caster has NEGATIVE MAG?[39m
[31m     → expected false to be true // Object.is equality[39m
[31m   [33m❯[31m tests/critical/SummonSystem.test.ts[2m > [22mBROKEN?: Summon System Exploits[2m > [22mEXPLOIT: What if caster has MASSIVE MAG? (overflow?)[39m
[31m     → expected false to be true // Object.is equality[39m
 [32m✓[39m tests/unit/BattleRewards.test.ts [2m ([22m[2m27 tests[22m[2m)[22m[90m 19[2mms[22m[39m
 [33m❯[39m tests/unit/Equipment.test.ts [2m ([22m[2m24 tests[22m [2m|[22m [31m7 failed[39m[2m)[22m[90m 47[2mms[22m[39m
[31m   [33m❯[31m tests/unit/Equipment.test.ts[2m > [22mTASK 4: Equipment System - Basic Functionality[2m > [22m✅ Multiple equipment slots stack bonuses[39m
[31m     → expected 38 to be 39 // Object.is equality[39m
[31m   [33m❯[31m tests/unit/Equipment.test.ts[2m > [22mTASK 4: Equipment System - Basic Functionality[2m > [22m✅ Unequipping removes bonuses[39m
[31m     → expected 38 to be 39 // Object.is equality[39m
[31m   [33m❯[31m tests/unit/Equipment.test.ts[2m > [22mTASK 4: Equipment System - Basic Functionality[2m > [22m✅ Replacing equipment swaps bonuses[39m
[31m     → expected 38 to be 39 // Object.is equality[39m
[31m   [33m❯[31m tests/unit/Equipment.test.ts[2m > [22mCONTEXT-AWARE: Equipment Creates Strategic Choices[2m > [22m🎯 Full gear Lv1 ≈ Naked Lv5 (equipment is leveling alternative)[39m
[31m     → expected 26 to be 27 // Object.is equality[39m
[31m   [33m❯[31m tests/unit/Equipment.test.ts[2m > [22mCONTEXT-AWARE: Equipment Creates Strategic Choices[2m > [22m🎯 Legendary equipment makes early-game units late-game viable[39m
[31m     → expected 44 to be 45 // Object.is equality[39m
[31m   [33m❯[31m tests/unit/Equipment.test.ts[2m > [22mCONTEXT-AWARE: Equipment Creates Strategic Choices[2m > [22m🎯 Equipment specialization: DPS vs Tank builds[39m
[31m     → expected 56 to be 57 // Object.is equality[39m
[31m   [33m❯[31m tests/unit/Equipment.test.ts[2m > [22mCONTEXT-AWARE: Equipment Synergy with Other Systems[2m > [22m🎯 Equipment changes affect battle stats immediately[39m
[31m     → expected 38 to be 39 // Object.is equality[39m
[90mstdout[2m | tests/critical/AbilityValidation.test.ts[2m > [22m[2mCRITICAL: Ability Field Validation[2m > [22m[2m❌ BUG: Ability with negative base power[22m[39m
Negative base power result: 1

[90mstdout[2m | tests/critical/AbilityValidation.test.ts[2m > [22m[2mCRITICAL: Ability Field Validation[2m > [22m[2m❌ BUG: Healing ability with negative base power[22m[39m
Negative healing result: 0

[90mstderr[2m | tests/critical/AbilityValidation.test.ts[2m > [22m[2mCRITICAL: Ability Field Validation[2m > [22m[2m❌ BUG: Healing ability with negative base power[22m[39m
Healing ability Ply has negative basePower: -50

[90mstdout[2m | tests/critical/AbilityValidation.test.ts[2m > [22m[2mPERFORMANCE: Ability Execution Speed[2m > [22m[2mExecute 10,000 abilities completes quickly[22m[39m
10k ability executions: 48.21ms

 [33m❯[39m tests/critical/AbilityValidation.test.ts [2m ([22m[2m27 tests[22m [2m|[22m [31m4 failed[39m[2m)[22m[90m 107[2mms[22m[39m
[31m   [33m❯[31m tests/critical/AbilityValidation.test.ts[2m > [22mCRITICAL: Ability Type Validation[2m > [22m✅ Valid ability types execute correctly[39m
[31m     → expected 0 to be greater than 0[39m
[31m   [33m❯[31m tests/critical/AbilityValidation.test.ts[2m > [22mCRITICAL: Ability Field Validation[2m > [22m❌ BUG: Ability with negative PP cost[39m
[31m     → actual value must be number or bigint, received "undefined"[39m
[31m   [33m❯[31m tests/critical/AbilityValidation.test.ts[2m > [22mCRITICAL: Buff/Debuff Edge Cases[2m > [22m❌ EDGE: Buff with 0 duration (persists forever?)[39m
[31m     → expected 3 to be +0 // Object.is equality[39m
[31m   [33m❯[31m tests/critical/AbilityValidation.test.ts[2m > [22mCRITICAL: Revival Edge Cases[2m > [22m❌ EDGE: Non-revival healing on dead unit[39m
[31m     → expected 0 to be greater than 0[39m
 [33m❯[39m tests/unit/Leveling.test.ts [2m ([22m[2m27 tests[22m [2m|[22m [31m6 failed[39m[2m)[22m[90m 30[2mms[22m[39m
[31m   [33m❯[31m tests/unit/Leveling.test.ts[2m > [22mTASK 3: Level Up System[2m > [22m✅ Multiple level ups from single XP gain[39m
[31m     → expected 20 to be 21 // Object.is equality[39m
[31m   [33m❯[31m tests/unit/Leveling.test.ts[2m > [22mTASK 3: Stat Calculation at Different Levels[2m > [22m✅ Isaac stats match GAME_MECHANICS.md at all levels[39m
[31m     → expected 14 to be 15 // Object.is equality[39m
[31m   [33m❯[31m tests/unit/Leveling.test.ts[2m > [22mTASK 3: Stat Calculation at Different Levels[2m > [22m✅ Garet stats match GAME_MECHANICS.md at all levels[39m
[31m     → expected 19 to be 18 // Object.is equality[39m
[31m   [33m❯[31m tests/unit/Leveling.test.ts[2m > [22mEDGE CASES: Leveling System[2m > [22mStarting at higher level initializes correctly[39m
[31m     → expected 26 to be 27 // Object.is equality[39m
[31m   [33m❯[31m tests/unit/Leveling.test.ts[2m > [22mDATA INTEGRITY: All 10 Units Level Correctly[2m > [22m✅ Felix stats match GAME_MECHANICS.md (Rogue Assassin)[39m
[31m     → expected 29 to be 33 // Object.is equality[39m
[31m   [33m❯[31m tests/unit/Leveling.test.ts[2m > [22mDATA INTEGRITY: All 10 Units Level Correctly[2m > [22m✅ Jenna stats match GAME_MECHANICS.md (AoE Fire Mage)[39m
[31m     → expected 48 to be 40 // Object.is equality[39m
 [33m❯[39m tests/verification/SpecExamples.test.ts [2m ([22m[2m9 tests[22m [2m|[22m [31m2 failed[39m[2m)[22m[90m 35[2mms[22m[39m
[31m   [33m❯[31m tests/verification/SpecExamples.test.ts[2m > [22m📋 SPEC VERIFICATION: GAME_MECHANICS.md Examples[2m > [22m📋 Section 3.2 Equipment Example: Isaac L5 with Iron Sword, Iron Armor, 3 Venus Djinn[39m
[31m     → expected 50 to be 51 // Object.is equality[39m
[31m   [33m❯[31m tests/verification/SpecExamples.test.ts[2m > [22m📋 SPEC VERIFICATION: GAME_MECHANICS.md Examples[2m > [22m📋 Section 1.3 Stats Tables: All units match documented Level 5 stats[39m
[31m     → expected 26 to be 27 // Object.is equality[39m
 [33m❯[39m tests/integration/GameLoopIntegration.test.ts [2m ([22m[2m9 tests[22m [2m|[22m [31m1 failed[39m[2m)[22m[90m 21[2mms[22m[39m
[31m   [33m❯[31m tests/integration/GameLoopIntegration.test.ts[2m > [22mINTEGRATION: Edge Cases[2m > [22m<� Equipment + Stats stack correctly in battle[39m
[31m     → expected 38 to be 39 // Object.is equality[39m
 [33m❯[39m tests/unit/StatCalculation.test.ts [2m ([22m[2m20 tests[22m [2m|[22m [31m14 failed[39m[2m)[22m[90m 32[2mms[22m[39m
[31m   [33m❯[31m tests/unit/StatCalculation.test.ts[2m > [22mTASK 2: Stat Calculation System - Core Formula[2m > [22m✅ Level bonuses: base + (growthRate × (level - 1))[39m
[31m     → expected 26 to be 27 // Object.is equality[39m
[31m   [33m❯[31m tests/unit/StatCalculation.test.ts[2m > [22mTASK 2: Stat Calculation System - Core Formula[2m > [22m✅ Djinn synergy adds stat bonuses[39m
[31m     → expected 38 to be 39 // Object.is equality[39m
[31m   [33m❯[31m tests/unit/StatCalculation.test.ts[2m > [22mTASK 2: Stat Calculation System - Core Formula[2m > [22m✅ Only Set Djinn count for synergy (not Standby)[39m
[31m     → expected 38 to be 39 // Object.is equality[39m
[31m   [33m❯[31m tests/unit/StatCalculation.test.ts[2m > [22mTASK 2: Status Effect Multipliers[2m > [22m✅ Buff multiplies final stats[39m
[31m     → expected 32 to be 33 // Object.is equality[39m
[31m   [33m❯[31m tests/unit/StatCalculation.test.ts[2m > [22mTASK 2: Status Effect Multipliers[2m > [22m✅ Debuff reduces stats[39m
[31m     → expected 19 to be 20 // Object.is equality[39m
[31m   [33m❯[31m tests/unit/StatCalculation.test.ts[2m > [22mTASK 2: Status Effect Multipliers[2m > [22m✅ Multiple buffs stack multiplicatively[39m
[31m     → expected 39 to be 40 // Object.is equality[39m
[31m   [33m❯[31m tests/unit/StatCalculation.test.ts[2m > [22mTASK 2: Complete Stat Calculation Formula[2m > [22m🎯 Formula: floor((base + level + equipment + djinn) × effects)[39m
[31m     → expected 56 to be 57 // Object.is equality[39m
[31m   [33m❯[31m tests/unit/StatCalculation.test.ts[2m > [22mTASK 2: Complete Stat Calculation Formula[2m > [22m🎯 Defensive stats follow same formula[39m
[31m     → expected 29 to be 30 // Object.is equality[39m
[31m   [33m❯[31m tests/unit/StatCalculation.test.ts[2m > [22mCONTEXT-AWARE: Stat Modifiers Create Strategy[2m > [22m🎯 Buffs make weak units competitive[39m
[31m     → expected 31 to be 34 // Object.is equality[39m
[31m   [33m❯[31m tests/unit/StatCalculation.test.ts[2m > [22mCONTEXT-AWARE: Stat Modifiers Create Strategy[2m > [22m🎯 Djinn specialization vs hybrid trade-off[39m
[31m     → expected 3.6666666666666665 to be 3 // Object.is equality[39m
[31m   [33m❯[31m tests/unit/StatCalculation.test.ts[2m > [22mCONTEXT-AWARE: Stat Modifiers Create Strategy[2m > [22m🎯 Debuffs counter strong enemies[39m
[31m     → expected 15 to be 17 // Object.is equality[39m
[31m   [33m❯[31m tests/unit/StatCalculation.test.ts[2m > [22mEDGE CASES: Stat Calculation[2m > [22mFloor function rounds down correctly[39m
[31m     → expected 28 to be 29 // Object.is equality[39m
[31m   [33m❯[31m tests/unit/StatCalculation.test.ts[2m > [22mEDGE CASES: Stat Calculation[2m > [22mUnequipping removes bonuses immediately[39m
[31m     → expected 56 to be 57 // Object.is equality[39m
[31m   [33m❯[31m tests/unit/StatCalculation.test.ts[2m > [22mEDGE CASES: Stat Calculation[2m > [22mStats recalculate every time accessed[39m
[31m     → expected 26 to be 27 // Object.is equality[39m
 [33m❯[39m tests/gameplay/GameBalance.test.ts [2m ([22m[2m11 tests[22m [2m|[22m [31m1 failed[39m[2m)[22m[90m 32[2mms[22m[39m
[31m   [33m❯[31m tests/gameplay/GameBalance.test.ts[2m > [22m⚖️ GAME BALANCE: Is Your Game Actually Fun?[2m > [22m⚠️ WARNING: Piers should be "tank" (low damage, high survivability)[39m
[31m     → expected 24 to be less than 24[39m
[90mstdout[2m | tests/gameplay/GameBalance.test.ts[2m > [22m[2m⚖️ GAME BALANCE: Is Your Game Actually Fun?[2m > [22m[2m❌ CRITICAL: No unit should be 3× stronger than another (OP check)[22m[39m
Damage range: {
  min: [33m23[39m,
  max: [33m54[39m,
  ratio: [33m2.347826086956522[39m,
  strongest: [32m'Garet'[39m,
  weakest: [32m'Piers'[39m
}

[90mstdout[2m | tests/gameplay/GameBalance.test.ts[2m > [22m[2m⚖️ GAME BALANCE: Is Your Game Actually Fun?[2m > [22m[2m❌ CRITICAL: Every unit should be VIABLE (no "useless" units)[22m[39m
Isaac (Balanced): 2 strengths
Garet (Pure DPS): 2 strengths
Ivan (Mage): 3 strengths
Mia (Healer): 3 strengths
Felix (Rogue): 3 strengths
Jenna (Glass Cannon): 3 strengths
Sheba (Support): 3 strengths
Piers (Tank): 2 strengths
Kraden (Scholar): 2 strengths
Kyle (Warrior): 3 strengths

[90mstdout[2m | tests/gameplay/GameBalance.test.ts[2m > [22m[2m💀 BROKEN GAME SCENARIOS: Things That Kill Fun[2m > [22m[2mBROKEN: Does stacking 3 same-element Djinn trivialize content?[22m[39m
Djinn ATK boost: 46.2%

[90mstdout[2m | tests/gameplay/GameBalance.test.ts[2m > [22m[2m😴 GRIND CHECK: Is progression fun or tedious?[2m > [22m[2mGRIND: Can reach Level 5 in reasonable time? (<20 battles)[22m[39m
Battles to L5: 19

 [32m✓[39m tests/story/StoryValidation.test.ts [2m ([22m[2m14 tests[22m[2m)[22m[90m 17[2mms[22m[39m
 [33m❯[39m tests/integration/SystemIntegration.test.ts [2m ([22m[2m5 tests[22m [2m|[22m [31m2 failed[39m[2m)[22m[90m 20[2mms[22m[39m
[31m   [33m❯[31m tests/integration/SystemIntegration.test.ts[2m > [22m🎯 INTEGRATION: Full System Integration[2m > [22m🎯 FULL GAME LOOP: Create player → Recruit → Equip → Level → Djinn → Stats[39m
[31m     → expected 50 to be 51 // Object.is equality[39m
[31m   [33m❯[31m tests/integration/SystemIntegration.test.ts[2m > [22m🎯 INTEGRATION: Full System Integration[2m > [22m🎯 DJINN + EQUIPMENT: Stat bonuses stack correctly[39m
[31m     → expected 50 to be 51 // Object.is equality[39m
 [33m❯[39m tests/gameplay/EpicBattles.test.ts [2m ([22m[2m8 tests[22m [2m|[22m [31m5 failed[39m[2m)[22m[90m 23[2mms[22m[39m
[31m   [33m❯[31m tests/gameplay/EpicBattles.test.ts[2m > [22m🎮 EPIC BATTLES: The Tests You SHOULD Have Written[2m > [22m⚔️ EPIC: "Against All Odds" - Level 3 Party Defeats Level 5 Boss Through Strategy[39m
[31m     → expected 'ongoing' to be 'victory' // Object.is equality[39m
[31m   [33m❯[31m tests/gameplay/EpicBattles.test.ts[2m > [22m🎮 EPIC BATTLES: The Tests You SHOULD Have Written[2m > [22m🛡️ EPIC: "Immovable Object" - Piers Tanks 20 Hits Without Dying[39m
[31m     → PIERS is not defined[39m
[31m   [33m❯[31m tests/gameplay/EpicBattles.test.ts[2m > [22m🎮 EPIC BATTLES: The Tests You SHOULD Have Written[2m > [22m💥 EPIC: "Glass Cannon" - Jenna One-Shots Boss But Dies Next Turn[39m
[31m     → JENNA is not defined[39m
[31m   [33m❯[31m tests/gameplay/EpicBattles.test.ts[2m > [22m🎭 DRAMATIC MOMENTS: What Makes Battles Memorable[2m > [22mDRAMA: "Pyrrhic Victory" - Win Battle But Entire Party at <10% HP[39m
[31m     → expected 0.1 to be less than 0.1[39m
[31m   [33m❯[31m tests/gameplay/EpicBattles.test.ts[2m > [22m🎭 DRAMATIC MOMENTS: What Makes Battles Memorable[2m > [22mDRAMA: "David vs Goliath" - Level 1 Defeats Level 5 Through Cheese Strat[39m
[31m     → expected 44 to be 45 // Object.is equality[39m
 [32m✓[39m tests/unit/Rng.test.ts [2m ([22m[2m18 tests[22m[2m)[22m[90m 31[2mms[22m[39m
 [33m❯[39m tests/critical/UncoveredCode.test.ts [2m ([22m[2m22 tests[22m [2m|[22m [31m10 failed[39m[2m)[22m[90m 53[2mms[22m[39m
[31m   [33m❯[31m tests/critical/UncoveredCode.test.ts[2m > [22mCRITICAL: Equipment Edge Cases (78.37% coverage - missing 22%)[2m > [22mEquipment.ts lines 59-74: What happens with malformed equipment?[39m
[31m     → Cannot convert undefined or null to object[39m
[31m   [33m❯[31m tests/critical/UncoveredCode.test.ts[2m > [22mCRITICAL: Equipment Edge Cases (78.37% coverage - missing 22%)[2m > [22mWhat if equipment has undefined stat values?[39m
[31m     → expected 26 to be 27 // Object.is equality[39m
[31m   [33m❯[31m tests/critical/UncoveredCode.test.ts[2m > [22mCRITICAL: Equipment Edge Cases (78.37% coverage - missing 22%)[2m > [22mWhat if equipment has negative stat bonuses?[39m
[31m     → expected 16 to be 17 // Object.is equality[39m
[31m   [33m❯[31m tests/critical/UncoveredCode.test.ts[2m > [22mCRITICAL: Status Effect Duration Edge Cases[2m > [22mWhat if multiple status effects target same stat?[39m
[31m     → expected 50 to be 52 // Object.is equality[39m
[31m   [33m❯[31m tests/critical/UncoveredCode.test.ts[2m > [22mCRITICAL: Status Effect Duration Edge Cases[2m > [22mWhat if buff and debuff on same stat?[39m
[31m     → expected 26 to be 27 // Object.is equality[39m
[31m   [33m❯[31m tests/critical/UncoveredCode.test.ts[2m > [22mCRITICAL: Djinn System Edge Cases[2m > [22mWhat if we equip the same Djinn twice?[39m
[31m     → expected true to be false // Object.is equality[39m
[31m   [33m❯[31m tests/critical/UncoveredCode.test.ts[2m > [22mCRITICAL: Djinn System Edge Cases[2m > [22mWhat if we activate Djinn that was just activated?[39m
[31m     → expected true to be false // Object.is equality[39m
[31m   [33m❯[31m tests/critical/UncoveredCode.test.ts[2m > [22mCRITICAL: Djinn System Edge Cases[2m > [22mWhat if we unequip all Djinn mid-battle?[39m
[31m     → expected 26 to be 27 // Object.is equality[39m
[31m   [33m❯[31m tests/critical/UncoveredCode.test.ts[2m > [22mCRITICAL: calculateStats() Edge Cases[2m > [22mWhat if calculateStats called with null team?[39m
[31m     → expected 26 to be 27 // Object.is equality[39m
[31m   [33m❯[31m tests/critical/UncoveredCode.test.ts[2m > [22mCRITICAL: calculateStats() Edge Cases[2m > [22mWhat if calculateStats called with team that unit is not in?[39m
[31m     → expected 26 to be 27 // Object.is equality[39m
[90mstderr[2m | tests/critical/UncoveredCode.test.ts[2m > [22m[2mCRITICAL: HP/PP Edge Cases[2m > [22m[2mWhat if heal amount is negative?[22m[39m
heal() called with negative amount: -20

[90mstdout[2m | tests/critical/UncoveredCode.test.ts[2m > [22m[2mCRITICAL: calculateStats() Edge Cases[2m > [22m[2mPerformance: calculateStats called 10,000 times[22m[39m
calculateStats 10k calls: 24.04ms

 [32m✓[39m tests/unit/RngPureRand.test.ts [2m ([22m[2m23 tests[22m[2m)[22m[90m 59[2mms[22m[39m
 [32m✓[39m tests/critical/StatsUtilities.test.ts [2m ([22m[2m17 tests[22m[2m)[22m[90m 20[2mms[22m[39m
[90mstdout[2m | tests/critical/StatsUtilities.test.ts[2m > [22m[2mPERFORMANCE: Stats Operations Are Fast[2m > [22m[2maddStats() called 100,000 times completes quickly[22m[39m
addStats 100k calls: 6.27ms

[90mstdout[2m | tests/critical/StatsUtilities.test.ts[2m > [22m[2mPERFORMANCE: Stats Operations Are Fast[2m > [22m[2mmultiplyStats() called 100,000 times completes quickly[22m[39m
multiplyStats 100k calls: 4.61ms

 [32m✓[39m tests/unit/SeededRNG.test.ts [2m ([22m[2m12 tests[22m[2m)[22m[90m 35[2mms[22m[39m
 [33m❯[39m tests/quality/NoMagicNumbers.test.ts [2m ([22m[2m7 tests[22m [2m|[22m [31m1 failed[39m[2m)[22m[90m 23[2mms[22m[39m
[31m   [33m❯[31m tests/quality/NoMagicNumbers.test.ts[2m > [22m❌ BAD TESTS: Magic Numbers Everywhere (What You're Doing Wrong)[2m > [22mEXAMPLE OF BAD TEST (from existing codebase)[39m
[31m     → expected 26 to be 27 // Object.is equality[39m

[31m⎯⎯⎯⎯⎯⎯[1m[7m Failed Tests 78 [27m[22m⎯⎯⎯⎯⎯⎯⎯[39m

[31m[1m[7m FAIL [27m[22m[39m tests/critical/AbilityValidation.test.ts[2m > [22mCRITICAL: Ability Type Validation[2m > [22m✅ Valid ability types execute correctly
[31m[1mAssertionError[22m: expected 0 to be greater than 0[39m
[36m [2m❯[22m tests/critical/AbilityValidation.test.ts:[2m27:35[22m[39m
    [90m 25| [39m
    [90m 26| [39m    [35mconst[39m healingResult [33m=[39m [34mexecuteAbility[39m(isaac[33m,[39m [33mPLY[39m[33m,[39m [isaac])[33m;[39m
    [90m 27| [39m    [34mexpect[39m(healingResult[33m.[39mhealing)[33m.[39m[34mtoBeGreaterThan[39m([34m0[39m)[33m;[39m
    [90m   | [39m                                  [31m^[39m
    [90m 28| [39m  })[33m;[39m
    [90m 29| [39m

[31m[2m⎯⎯⎯⎯⎯⎯⎯⎯⎯⎯⎯⎯⎯⎯⎯⎯⎯⎯⎯⎯⎯⎯⎯[1/78]⎯[22m[39m

[31m[1m[7m FAIL [27m[22m[39m tests/critical/AbilityValidation.test.ts[2m > [22mCRITICAL: Ability Field Validation[2m > [22m❌ BUG: Ability with negative PP cost
[31m[1mTypeError[22m: actual value must be number or bigint, received "undefined"[39m
[36m [2m❯[22m tests/critical/AbilityValidation.test.ts:[2m88:27[22m[39m
    [90m 86| [39m    [90m// Should fail PP check[39m
    [90m 87| [39m    [90m// But: -10 > 5 is FALSE, so it passes![39m
    [90m 88| [39m    [34mexpect[39m(result[33m.[39mdamage)[33m.[39m[34mtoBeGreaterThan[39m([34m0[39m)[33m;[39m
    [90m   | [39m                          [31m^[39m
    [90m 89| [39m
    [90m 90| [39m    [90m// ⚠️ BUG: Negative PP cost ADDS PP instead of consuming![39m

[31m[2m⎯⎯⎯⎯⎯⎯⎯⎯⎯⎯⎯⎯⎯⎯⎯⎯⎯⎯⎯⎯⎯⎯⎯[2/78]⎯[22m[39m

[31m[1m[7m FAIL [27m[22m[39m tests/critical/AbilityValidation.test.ts[2m > [22mCRITICAL: Buff/Debuff Edge Cases[2m > [22m❌ EDGE: Buff with 0 duration (persists forever?)
[31m[1mAssertionError[22m: expected 3 to be +0 // Object.is equality[39m

[32m- Expected[39m
[31m+ Received[39m

[32m- 0[39m
[31m+ 3[39m

[36m [2m❯[22m tests/critical/AbilityValidation.test.ts:[2m342:44[22m[39m
    [90m340| [39m
    [90m341| [39m    [34mexpect[39m(ally[33m.[39mstatusEffects[33m.[39mlength)[33m.[39m[34mtoBe[39m([34m1[39m)[33m;[39m
    [90m342| [39m    [34mexpect[39m(ally[33m.[39mstatusEffects[[34m0[39m][33m.[39mduration)[33m.[39m[34mtoBe[39m([34m0[39m)[33m;[39m
    [90m   | [39m                                           [31m^[39m
    [90m343| [39m
    [90m344| [39m    [90m// ⚠️ Buff with 0 duration - will it ever expire?[39m

[31m[2m⎯⎯⎯⎯⎯⎯⎯⎯⎯⎯⎯⎯⎯⎯⎯⎯⎯⎯⎯⎯⎯⎯⎯[3/78]⎯[22m[39m

[31m[1m[7m FAIL [27m[22m[39m tests/critical/AbilityValidation.test.ts[2m > [22mCRITICAL: Revival Edge Cases[2m > [22m❌ EDGE: Non-revival healing on dead unit
[31m[1mAssertionError[22m: expected 0 to be greater than 0[39m
[36m [2m❯[22m tests/critical/AbilityValidation.test.ts:[2m480:28[22m[39m
    [90m478| [39m
    [90m479| [39m    [90m// BUG #6: Dead units can be healed[39m
    [90m480| [39m    [34mexpect[39m(result[33m.[39mhealing)[33m.[39m[34mtoBeGreaterThan[39m([34m0[39m)[33m;[39m
    [90m   | [39m                           [31m^[39m
    [90m481| [39m
    [90m482| [39m    [90m// But they don't get the 50% HP revival[39m

[31m[2m⎯⎯⎯⎯⎯⎯⎯⎯⎯⎯⎯⎯⎯⎯⎯⎯⎯⎯⎯⎯⎯⎯⎯[4/78]⎯[22m[39m

[31m[1m[7m FAIL [27m[22m[39m tests/critical/SummonSystem.test.ts[2m > [22mCRITICAL: Summon System Mechanics[2m > [22m✅ Phoenix summon (3 Mars Djinn) deals correct damage
[31m[1mAssertionError[22m: expected false to be true // Object.is equality[39m

[32m- Expected[39m
[31m+ Received[39m

[32m- true[39m
[31m+ false[39m

[36m [2m❯[22m tests/critical/SummonSystem.test.ts:[2m93:34[22m[39m
    [90m 91| [39m
    [90m 92| [39m      [35mconst[39m summonResult [33m=[39m [34mexecuteSummon[39m(team[33m,[39m [32m'Phoenix'[39m[33m,[39m garet[33m.[39mstats[33m.[39m…
    [90m 93| [39m      [34mexpect[39m([34misOk[39m(summonResult))[33m.[39m[34mtoBe[39m([35mtrue[39m)[33m;[39m
    [90m   | [39m                                 [31m^[39m
    [90m 94| [39m
    [90m 95| [39m      [35mif[39m ([34misOk[39m(summonResult)) {

[31m[2m⎯⎯⎯⎯⎯⎯⎯⎯⎯⎯⎯⎯⎯⎯⎯⎯⎯⎯⎯⎯⎯⎯⎯[5/78]⎯[22m[39m

[31m[1m[7m FAIL [27m[22m[39m tests/critical/SummonSystem.test.ts[2m > [22mCRITICAL: Summon System Mechanics[2m > [22m✅ Kraken summon (3 Mercury Djinn) deals correct damage
[31m[1mAssertionError[22m: expected false to be true // Object.is equality[39m

[32m- Expected[39m
[31m+ Received[39m

[32m- true[39m
[31m+ false[39m

[36m [2m❯[22m tests/critical/SummonSystem.test.ts:[2m132:34[22m[39m
    [90m130| [39m
    [90m131| [39m      [35mconst[39m summonResult [33m=[39m [34mexecuteSummon[39m(team[33m,[39m [32m'Kraken'[39m[33m,[39m mia[33m.[39mstats[33m.[39mmag…
    [90m132| [39m      [34mexpect[39m([34misOk[39m(summonResult))[33m.[39m[34mtoBe[39m([35mtrue[39m)[33m;[39m
    [90m   | [39m                                 [31m^[39m
    [90m133| [39m
    [90m134| [39m      [35mif[39m ([34misOk[39m(summonResult)) {

[31m[2m⎯⎯⎯⎯⎯⎯⎯⎯⎯⎯⎯⎯⎯⎯⎯⎯⎯⎯⎯⎯⎯⎯⎯[6/78]⎯[22m[39m

[31m[1m[7m FAIL [27m[22m[39m tests/critical/SummonSystem.test.ts[2m > [22mCRITICAL: Summon System Mechanics[2m > [22m✅ After summon, all 3 Djinn go to Recovery state
[31m[1mAssertionError[22m: expected [ Array(1) ] to have a length of 3 but got 1[39m

[32m- Expected[39m
[31m+ Received[39m

[32m- 3[39m
[31m+ 1[39m

[36m [2m❯[22m tests/critical/SummonSystem.test.ts:[2m165:37[22m[39m
    [90m163| [39m      [35mif[39m ([34misOk[39m(r3)) team [33m=[39m r3[33m.[39mvalue[33m;[39m
    [90m164| [39m
    [90m165| [39m      [34mexpect[39m([34mgetStandbyDjinn[39m(team))[33m.[39m[34mtoHaveLength[39m([34m3[39m)[33m;[39m
    [90m   | [39m                                    [31m^[39m
    [90m166| [39m
    [90m167| [39m      [35mconst[39m summonResult [33m=[39m [34mexecuteSummon[39m(team[33m,[39m [32m'Titan'[39m[33m,[39m isaac[33m.[39mstats[33m.[39mma…

[31m[2m⎯⎯⎯⎯⎯⎯⎯⎯⎯⎯⎯⎯⎯⎯⎯⎯⎯⎯⎯⎯⎯⎯⎯[7/78]⎯[22m[39m

[31m[1m[7m FAIL [27m[22m[39m tests/critical/SummonSystem.test.ts[2m > [22mEDGE CASES: Summon System Failures[2m > [22m❌ FAIL: Cannot summon with only 2 Djinn in Standby
[31m[1mAssertionError[22m: expected [ Array(1) ] to have a length of 2 but got 1[39m

[32m- Expected[39m
[31m+ Received[39m

[32m- 2[39m
[31m+ 1[39m

[36m [2m❯[22m tests/critical/SummonSystem.test.ts:[2m207:37[22m[39m
    [90m205| [39m      [35mif[39m ([34misOk[39m(r2)) team [33m=[39m r2[33m.[39mvalue[33m;[39m
    [90m206| [39m
    [90m207| [39m      [34mexpect[39m([34mgetStandbyDjinn[39m(team))[33m.[39m[34mtoHaveLength[39m([34m2[39m)[33m;[39m
    [90m   | [39m                                    [31m^[39m
    [90m208| [39m
    [90m209| [39m      [35mconst[39m summonResult [33m=[39m [34mexecuteSummon[39m(team[33m,[39m [32m'Titan'[39m[33m,[39m isaac[33m.[39mstats[33m.[39mma…

[31m[2m⎯⎯⎯⎯⎯⎯⎯⎯⎯⎯⎯⎯⎯⎯⎯⎯⎯⎯⎯⎯⎯⎯⎯[8/78]⎯[22m[39m

[31m[1m[7m FAIL [27m[22m[39m tests/critical/SummonSystem.test.ts[2m > [22mEDGE CASES: Summon System Failures[2m > [22m❌ FAIL: Cannot summon Titan with 3 Mars Djinn (wrong element)
[31m[1mAssertionError[22m: expected [ Array(1) ] to have a length of 3 but got 1[39m

[32m- Expected[39m
[31m+ Received[39m

[32m- 3[39m
[31m+ 1[39m

[36m [2m❯[22m tests/critical/SummonSystem.test.ts:[2m252:37[22m[39m
    [90m250| [39m      [35mif[39m ([34misOk[39m(r3)) team [33m=[39m r3[33m.[39mvalue[33m;[39m
    [90m251| [39m
    [90m252| [39m      [34mexpect[39m([34mgetStandbyDjinn[39m(team))[33m.[39m[34mtoHaveLength[39m([34m3[39m)[33m;[39m
    [90m   | [39m                                    [31m^[39m
    [90m253| [39m
    [90m254| [39m      [35mconst[39m summonResult [33m=[39m [34mexecuteSummon[39m(team[33m,[39m [32m'Titan'[39m[33m,[39m isaac[33m.[39mstats[33m.[39mma…

[31m[2m⎯⎯⎯⎯⎯⎯⎯⎯⎯⎯⎯⎯⎯⎯⎯⎯⎯⎯⎯⎯⎯⎯⎯[9/78]⎯[22m[39m

[31m[1m[7m FAIL [27m[22m[39m tests/critical/SummonSystem.test.ts[2m > [22mEDGE CASES: Summon System Failures[2m > [22m❌ FAIL: Cannot summon with mixed elements (2 Venus + 1 Mars)
[31m[1mAssertionError[22m: expected [ Array(1) ] to have a length of 3 but got 1[39m

[32m- Expected[39m
[31m+ Received[39m

[32m- 3[39m
[31m+ 1[39m

[36m [2m❯[22m tests/critical/SummonSystem.test.ts:[2m283:37[22m[39m
    [90m281| [39m      [35mif[39m ([34misOk[39m(r3)) team [33m=[39m r3[33m.[39mvalue[33m;[39m
    [90m282| [39m
    [90m283| [39m      [34mexpect[39m([34mgetStandbyDjinn[39m(team))[33m.[39m[34mtoHaveLength[39m([34m3[39m)[33m;[39m
    [90m   | [39m                                    [31m^[39m
    [90m284| [39m
    [90m285| [39m      [35mconst[39m summonResult [33m=[39m [34mexecuteSummon[39m(team[33m,[39m [32m'Titan'[39m[33m,[39m isaac[33m.[39mstats[33m.[39mma…

[31m[2m⎯⎯⎯⎯⎯⎯⎯⎯⎯⎯⎯⎯⎯⎯⎯⎯⎯⎯⎯⎯⎯⎯[10/78]⎯[22m[39m

[31m[1m[7m FAIL [27m[22m[39m tests/critical/SummonSystem.test.ts[2m > [22mCRITICAL: Summon Recovery Mechanics[2m > [22m✅ Djinn return to Set after 3 turns in Recovery
[31m[1mAssertionError[22m: expected false to be true // Object.is equality[39m

[32m- Expected[39m
[31m+ Received[39m

[32m- true[39m
[31m+ false[39m

[36m [2m❯[22m tests/critical/SummonSystem.test.ts:[2m318:34[22m[39m
    [90m316| [39m
    [90m317| [39m      [35mconst[39m summonResult [33m=[39m [34mexecuteSummon[39m(team[33m,[39m [32m'Titan'[39m[33m,[39m isaac[33m.[39mstats[33m.[39mma…
    [90m318| [39m      [34mexpect[39m([34misOk[39m(summonResult))[33m.[39m[34mtoBe[39m([35mtrue[39m)[33m;[39m
    [90m   | [39m                                 [31m^[39m
    [90m319| [39m
    [90m320| [39m      [35mif[39m ([34misOk[39m(summonResult)) {

[31m[2m⎯⎯⎯⎯⎯⎯⎯⎯⎯⎯⎯⎯⎯⎯⎯⎯⎯⎯⎯⎯⎯⎯[11/78]⎯[22m[39m

[31m[1m[7m FAIL [27m[22m[39m tests/critical/SummonSystem.test.ts[2m > [22mBROKEN?: Summon System Exploits[2m > [22mEXPLOIT: What if caster has 0 MAG? (summon still works?)
[31m[1mAssertionError[22m: expected false to be true // Object.is equality[39m

[32m- Expected[39m
[31m+ Received[39m

[32m- true[39m
[31m+ false[39m

[36m [2m❯[22m tests/critical/SummonSystem.test.ts:[2m376:34[22m[39m
    [90m374| [39m      [90m// Execute summon with 0 MAG[39m
    [90m375| [39m      [35mconst[39m summonResult [33m=[39m [34mexecuteSummon[39m(team[33m,[39m [32m'Titan'[39m[33m,[39m [34m0[39m)[33m;[39m
    [90m376| [39m      [34mexpect[39m([34misOk[39m(summonResult))[33m.[39m[34mtoBe[39m([35mtrue[39m)[33m;[39m
    [90m   | [39m                                 [31m^[39m
    [90m377| [39m
    [90m378| [39m      [35mif[39m ([34misOk[39m(summonResult)) {

[31m[2m⎯⎯⎯⎯⎯⎯⎯⎯⎯⎯⎯⎯⎯⎯⎯⎯⎯⎯⎯⎯⎯⎯[12/78]⎯[22m[39m

[31m[1m[7m FAIL [27m[22m[39m tests/critical/SummonSystem.test.ts[2m > [22mBROKEN?: Summon System Exploits[2m > [22mEXPLOIT: What if caster has NEGATIVE MAG?
[31m[1mAssertionError[22m: expected false to be true // Object.is equality[39m

[32m- Expected[39m
[31m+ Received[39m

[32m- true[39m
[31m+ false[39m

[36m [2m❯[22m tests/critical/SummonSystem.test.ts:[2m411:34[22m[39m
    [90m409| [39m      [90m// Execute summon with negative MAG[39m
    [90m410| [39m      [35mconst[39m summonResult [33m=[39m [34mexecuteSummon[39m(team[33m,[39m [32m'Titan'[39m[33m,[39m [33m-[39m[34m100[39m)[33m;[39m
    [90m411| [39m      [34mexpect[39m([34misOk[39m(summonResult))[33m.[39m[34mtoBe[39m([35mtrue[39m)[33m;[39m
    [90m   | [39m                                 [31m^[39m
    [90m412| [39m
    [90m413| [39m      [35mif[39m ([34misOk[39m(summonResult)) {

[31m[2m⎯⎯⎯⎯⎯⎯⎯⎯⎯⎯⎯⎯⎯⎯⎯⎯⎯⎯⎯⎯⎯⎯[13/78]⎯[22m[39m

[31m[1m[7m FAIL [27m[22m[39m tests/critical/SummonSystem.test.ts[2m > [22mBROKEN?: Summon System Exploits[2m > [22mEXPLOIT: What if caster has MASSIVE MAG? (overflow?)
[31m[1mAssertionError[22m: expected false to be true // Object.is equality[39m

[32m- Expected[39m
[31m+ Received[39m

[32m- true[39m
[31m+ false[39m

[36m [2m❯[22m tests/critical/SummonSystem.test.ts:[2m446:34[22m[39m
    [90m444| [39m      [90m// Execute summon with absurd MAG[39m
    [90m445| [39m      [35mconst[39m summonResult [33m=[39m [34mexecuteSummon[39m(team[33m,[39m [32m'Titan'[39m[33m,[39m [34m10000[39m)[33m;[39m
    [90m446| [39m      [34mexpect[39m([34misOk[39m(summonResult))[33m.[39m[34mtoBe[39m([35mtrue[39m)[33m;[39m
    [90m   | [39m                                 [31m^[39m
    [90m447| [39m
    [90m448| [39m      [35mif[39m ([34misOk[39m(summonResult)) {

[31m[2m⎯⎯⎯⎯⎯⎯⎯⎯⎯⎯⎯⎯⎯⎯⎯⎯⎯⎯⎯⎯⎯⎯[14/78]⎯[22m[39m

[31m[1m[7m FAIL [27m[22m[39m tests/critical/UncoveredCode.test.ts[2m > [22mCRITICAL: Equipment Edge Cases (78.37% coverage - missing 22%)[2m > [22mEquipment.ts lines 59-74: What happens with malformed equipment?
[31m[1mTypeError[22m: Cannot convert undefined or null to object[39m
[36m [2m❯[22m Unit.calculateStats src/types/Unit.ts:[2m157:42[22m[39m
    [90m155| [39m    [35mfor[39m ([35mconst[39m item [35mof[39m [33mObject[39m[33m.[39m[34mvalues[39m([35mthis[39m[33m.[39mequipment)) {
    [90m156| [39m      [35mif[39m ([33m![39mitem) [35mcontinue[39m[33m;[39m
    [90m157| [39m      [35mfor[39m ([35mconst[39m [stat[33m,[39m value] [35mof[39m [33mObject[39m[33m.[39m[34mentries[39m(item[33m.[39mstatBonus)) {
    [90m   | [39m                                         [31m^[39m
    [90m158| [39m        [35mif[39m (value [33m!==[39m undefined [33m&&[39m value [33m!==[39m [35mnull[39m [33m&&[39m [35mtypeof[39m value [33m===[39m …
    [90m159| [39m          [35mconst[39m key [33m=[39m stat [35mas[39m keyof [33mStats[39m[33m;[39m
[90m [2m❯[22m Unit.get stats [as stats] src/types/Unit.ts:[2m246:17[22m[39m
[90m [2m❯[22m tests/critical/UncoveredCode.test.ts:[2m32:18[22m[39m

[31m[2m⎯⎯⎯⎯⎯⎯⎯⎯⎯⎯⎯⎯⎯⎯⎯⎯⎯⎯⎯⎯⎯⎯[15/78]⎯[22m[39m

[31m[1m[7m FAIL [27m[22m[39m tests/critical/UncoveredCode.test.ts[2m > [22mCRITICAL: Equipment Edge Cases (78.37% coverage - missing 22%)[2m > [22mWhat if equipment has undefined stat values?
[31m[1mAssertionError[22m: expected 26 to be 27 // Object.is equality[39m

[32m- Expected[39m
[31m+ Received[39m

[32m- 27[39m
[31m+ 26[39m

[36m [2m❯[22m tests/critical/UncoveredCode.test.ts:[2m53:29[22m[39m
    [90m 51| [39m
    [90m 52| [39m    [90m// Should handle undefined gracefully (treat as 0)[39m
    [90m 53| [39m    [34mexpect[39m(isaac[33m.[39mstats[33m.[39matk)[33m.[39m[34mtoBe[39m([34m27[39m)[33m;[39m [90m// Base, no crash[39m
    [90m   | [39m                            [31m^[39m
    [90m 54| [39m  })[33m;[39m
    [90m 55| [39m

[31m[2m⎯⎯⎯⎯⎯⎯⎯⎯⎯⎯⎯⎯⎯⎯⎯⎯⎯⎯⎯⎯⎯⎯[16/78]⎯[22m[39m

[31m[1m[7m FAIL [27m[22m[39m tests/critical/UncoveredCode.test.ts[2m > [22mCRITICAL: Equipment Edge Cases (78.37% coverage - missing 22%)[2m > [22mWhat if equipment has negative stat bonuses?
[31m[1mAssertionError[22m: expected 16 to be 17 // Object.is equality[39m

[32m- Expected[39m
[31m+ Received[39m

[32m- 17[39m
[31m+ 16[39m

[36m [2m❯[22m tests/critical/UncoveredCode.test.ts:[2m73:29[22m[39m
    [90m 71| [39m
    [90m 72| [39m    [90m// Negative bonuses should work (cursed items)[39m
    [90m 73| [39m    [34mexpect[39m(isaac[33m.[39mstats[33m.[39matk)[33m.[39m[34mtoBe[39m([34m17[39m)[33m;[39m [90m// 27 - 10[39m
    [90m   | [39m                            [31m^[39m
    [90m 74| [39m  })[33m;[39m
    [90m 75| [39m})[33m;[39m

[31m[2m⎯⎯⎯⎯⎯⎯⎯⎯⎯⎯⎯⎯⎯⎯⎯⎯⎯⎯⎯⎯⎯⎯[17/78]⎯[22m[39m

[31m[1m[7m FAIL [27m[22m[39m tests/critical/UncoveredCode.test.ts[2m > [22mCRITICAL: Status Effect Duration Edge Cases[2m > [22mWhat if multiple status effects target same stat?
[31m[1mAssertionError[22m: expected 50 to be 52 // Object.is equality[39m

[32m- Expected[39m
[31m+ Received[39m

[32m- 52[39m
[31m+ 50[39m

[36m [2m❯[22m tests/critical/UncoveredCode.test.ts:[2m152:29[22m[39m
    [90m150| [39m
    [90m151| [39m    [90m// Should multiply: 27 × 1.5 × 1.3 = 52.65 → 52[39m
    [90m152| [39m    [34mexpect[39m(isaac[33m.[39mstats[33m.[39matk)[33m.[39m[34mtoBe[39m([34m52[39m)[33m;[39m
    [90m   | [39m                            [31m^[39m
    [90m153| [39m  })[33m;[39m
    [90m154| [39m

[31m[2m⎯⎯⎯⎯⎯⎯⎯⎯⎯⎯⎯⎯⎯⎯⎯⎯⎯⎯⎯⎯⎯⎯[18/78]⎯[22m[39m

[31m[1m[7m FAIL [27m[22m[39m tests/critical/UncoveredCode.test.ts[2m > [22mCRITICAL: Status Effect Duration Edge Cases[2m > [22mWhat if buff and debuff on same stat?
[31m[1mAssertionError[22m: expected 26 to be 27 // Object.is equality[39m

[32m- Expected[39m
[31m+ Received[39m

[32m- 27[39m
[31m+ 26[39m

[36m [2m❯[22m tests/critical/UncoveredCode.test.ts:[2m164:29[22m[39m
    [90m162| [39m
    [90m163| [39m    [90m// 27 × 2.0 × 0.5 = 27 (cancel out!)[39m
    [90m164| [39m    [34mexpect[39m(isaac[33m.[39mstats[33m.[39matk)[33m.[39m[34mtoBe[39m([34m27[39m)[33m;[39m
    [90m   | [39m                            [31m^[39m
    [90m165| [39m  })[33m;[39m
    [90m166| [39m})[33m;[39m

[31m[2m⎯⎯⎯⎯⎯⎯⎯⎯⎯⎯⎯⎯⎯⎯⎯⎯⎯⎯⎯⎯⎯⎯[19/78]⎯[22m[39m

[31m[1m[7m FAIL [27m[22m[39m tests/critical/UncoveredCode.test.ts[2m > [22mCRITICAL: Djinn System Edge Cases[2m > [22mWhat if we equip the same Djinn twice?
[31m[1mAssertionError[22m: expected true to be false // Object.is equality[39m

[32m- Expected[39m
[31m+ Received[39m

[32m- false[39m
[31m+ true[39m

[36m [2m❯[22m tests/critical/UncoveredCode.test.ts:[2m227:23[22m[39m
    [90m225| [39m
    [90m226| [39m    [90m// Should fail (can't equip duplicates)[39m
    [90m227| [39m    [34mexpect[39m(result[33m.[39mok)[33m.[39m[34mtoBe[39m([35mfalse[39m)[33m;[39m
    [90m   | [39m                      [31m^[39m
    [90m228| [39m  })[33m;[39m
    [90m229| [39m

[31m[2m⎯⎯⎯⎯⎯⎯⎯⎯⎯⎯⎯⎯⎯⎯⎯⎯⎯⎯⎯⎯⎯⎯[20/78]⎯[22m[39m

[31m[1m[7m FAIL [27m[22m[39m tests/critical/UncoveredCode.test.ts[2m > [22mCRITICAL: Djinn System Edge Cases[2m > [22mWhat if we activate Djinn that was just activated?
[31m[1mAssertionError[22m: expected true to be false // Object.is equality[39m

[32m- Expected[39m
[31m+ Received[39m

[32m- false[39m
[31m+ true[39m

[36m [2m❯[22m tests/critical/UncoveredCode.test.ts:[2m240:24[22m[39m
    [90m238| [39m    [90m// Try to activate again immediately[39m
    [90m239| [39m    [35mconst[39m result2 [33m=[39m isaac[33m.[39m[34mactivateDjinn[39m([32m'flint'[39m)[33m;[39m
    [90m240| [39m    [34mexpect[39m(result2[33m.[39mok)[33m.[39m[34mtoBe[39m([35mfalse[39m)[33m;[39m [90m// Should fail (already Standby)[39m
    [90m   | [39m                       [31m^[39m
    [90m241| [39m  })[33m;[39m
    [90m242| [39m

[31m[2m⎯⎯⎯⎯⎯⎯⎯⎯⎯⎯⎯⎯⎯⎯⎯⎯⎯⎯⎯⎯⎯⎯[21/78]⎯[22m[39m

[31m[1m[7m FAIL [27m[22m[39m tests/critical/UncoveredCode.test.ts[2m > [22mCRITICAL: Djinn System Edge Cases[2m > [22mWhat if we unequip all Djinn mid-battle?
[31m[1mAssertionError[22m: expected 26 to be 27 // Object.is equality[39m

[32m- Expected[39m
[31m+ Received[39m

[32m- 27[39m
[31m+ 26[39m

[36m [2m❯[22m tests/critical/UncoveredCode.test.ts:[2m255:22[22m[39m
    [90m253| [39m
    [90m254| [39m    [34mexpect[39m(afterAtk)[33m.[39m[34mtoBeLessThan[39m(beforeAtk)[33m;[39m
    [90m255| [39m    [34mexpect[39m(afterAtk)[33m.[39m[34mtoBe[39m([34m27[39m)[33m;[39m
    [90m   | [39m                     [31m^[39m
    [90m256| [39m  })[33m;[39m
    [90m257| [39m})[33m;[39m

[31m[2m⎯⎯⎯⎯⎯⎯⎯⎯⎯⎯⎯⎯⎯⎯⎯⎯⎯⎯⎯⎯⎯⎯[22/78]⎯[22m[39m

[31m[1m[7m FAIL [27m[22m[39m tests/critical/UncoveredCode.test.ts[2m > [22mCRITICAL: calculateStats() Edge Cases[2m > [22mWhat if calculateStats called with null team?
[31m[1mAssertionError[22m: expected 26 to be 27 // Object.is equality[39m

[32m- Expected[39m
[31m+ Received[39m

[32m- 27[39m
[31m+ 26[39m

[36m [2m❯[22m tests/critical/UncoveredCode.test.ts:[2m310:23[22m[39m
    [90m308| [39m
    [90m309| [39m    [90m// Should work (no team Djinn bonuses)[39m
    [90m310| [39m    [34mexpect[39m(stats[33m.[39matk)[33m.[39m[34mtoBe[39m([34m27[39m)[33m;[39m
    [90m   | [39m                      [31m^[39m
    [90m311| [39m  })[33m;[39m
    [90m312| [39m

[31m[2m⎯⎯⎯⎯⎯⎯⎯⎯⎯⎯⎯⎯⎯⎯⎯⎯⎯⎯⎯⎯⎯⎯[23/78]⎯[22m[39m

[31m[1m[7m FAIL [27m[22m[39m tests/critical/UncoveredCode.test.ts[2m > [22mCRITICAL: calculateStats() Edge Cases[2m > [22mWhat if calculateStats called with team that unit is not in?
[31m[1mAssertionError[22m: expected 26 to be 27 // Object.is equality[39m

[32m- Expected[39m
[31m+ Received[39m

[32m- 27[39m
[31m+ 26[39m

[36m [2m❯[22m tests/critical/UncoveredCode.test.ts:[2m323:23[22m[39m
    [90m321| [39m
    [90m322| [39m    [90m// Should not get Djinn bonuses (not in team)[39m
    [90m323| [39m    [34mexpect[39m(stats[33m.[39matk)[33m.[39m[34mtoBe[39m([34m27[39m)[33m;[39m
    [90m   | [39m                      [31m^[39m
    [90m324| [39m  })[33m;[39m
    [90m325| [39m

[31m[2m⎯⎯⎯⎯⎯⎯⎯⎯⎯⎯⎯⎯⎯⎯⎯⎯⎯⎯⎯⎯⎯⎯[24/78]⎯[22m[39m

[31m[1m[7m FAIL [27m[22m[39m tests/gameplay/EpicBattles.test.ts[2m > [22m🎮 EPIC BATTLES: The Tests You SHOULD Have Written[2m > [22m⚔️ EPIC: "Against All Odds" - Level 3 Party Defeats Level 5 Boss Through Strategy
[31m[1mAssertionError[22m: expected 'ongoing' to be 'victory' // Object.is equality[39m

[32m- Expected[39m
[31m+ Received[39m

[32m- victory[39m
[31m+ ongoing[39m

[36m [2m❯[22m tests/gameplay/EpicBattles.test.ts:[2m69:27[22m[39m
    [90m 67| [39m
    [90m 68| [39m    [90m// VICTORY CONDITION: Players win despite being underleveled[39m
    [90m 69| [39m    [34mexpect[39m(battle[33m.[39mstatus)[33m.[39m[34mtoBe[39m([32m'victory'[39m)[33m;[39m
    [90m   | [39m                          [31m^[39m
    [90m 70| [39m    [34mexpect[39m(turns)[33m.[39m[34mtoBeLessThan[39m(maxTurns)[33m;[39m
    [90m 71| [39m

[31m[2m⎯⎯⎯⎯⎯⎯⎯⎯⎯⎯⎯⎯⎯⎯⎯⎯⎯⎯⎯⎯⎯⎯[25/78]⎯[22m[39m

[31m[1m[7m FAIL [27m[22m[39m tests/gameplay/EpicBattles.test.ts[2m > [22m🎮 EPIC BATTLES: The Tests You SHOULD Have Written[2m > [22m🛡️ EPIC: "Immovable Object" - Piers Tanks 20 Hits Without Dying
[31m[1mReferenceError[22m: PIERS is not defined[39m
[36m [2m❯[22m tests/gameplay/EpicBattles.test.ts:[2m172:28[22m[39m
    [90m170| [39m  [34mtest[39m([32m'🛡️ EPIC: "Immovable Object" - Piers Tanks 20 Hits Without Dyin[39m…
    [90m171| [39m    [90m// SETUP: Ultimate tank build[39m
    [90m172| [39m    [35mconst[39m piers [33m=[39m [35mnew[39m [33mUnit[39m([33mPIERS[39m[33m,[39m [34m5[39m)[33m;[39m [90m// Already tanky (HP 212, DEF 28)[39m
    [90m   | [39m                           [31m^[39m
    [90m173| [39m
    [90m174| [39m    [90m// Full defensive gear[39m

[31m[2m⎯⎯⎯⎯⎯⎯⎯⎯⎯⎯⎯⎯⎯⎯⎯⎯⎯⎯⎯⎯⎯⎯[26/78]⎯[22m[39m

[31m[1m[7m FAIL [27m[22m[39m tests/gameplay/EpicBattles.test.ts[2m > [22m🎮 EPIC BATTLES: The Tests You SHOULD Have Written[2m > [22m💥 EPIC: "Glass Cannon" - Jenna One-Shots Boss But Dies Next Turn
[31m[1mReferenceError[22m: JENNA is not defined[39m
[36m [2m❯[22m tests/gameplay/EpicBattles.test.ts:[2m205:28[22m[39m
    [90m203| [39m  [34mtest[39m([32m'💥 EPIC: "Glass Cannon" - Jenna One-Shots Boss But Dies Next Tu[39m…
    [90m204| [39m    [90m// SETUP: Pure DPS build (high risk, high reward)[39m
    [90m205| [39m    [35mconst[39m jenna [33m=[39m [35mnew[39m [33mUnit[39m([33mJENNA[39m[33m,[39m [34m5[39m)[33m;[39m [90m// High MAG (40), low HP (123), [39m…
    [90m   | [39m                           [31m^[39m
    [90m206| [39m
    [90m207| [39m    [90m// Glass cannon gear (all offense, no defense)[39m

[31m[2m⎯⎯⎯⎯⎯⎯⎯⎯⎯⎯⎯⎯⎯⎯⎯⎯⎯⎯⎯⎯⎯⎯[27/78]⎯[22m[39m

[31m[1m[7m FAIL [27m[22m[39m tests/gameplay/EpicBattles.test.ts[2m > [22m🎭 DRAMATIC MOMENTS: What Makes Battles Memorable[2m > [22mDRAMA: "Pyrrhic Victory" - Win Battle But Entire Party at <10% HP
[31m[1mAssertionError[22m: expected 0.1 to be less than 0.1[39m
[36m [2m❯[22m tests/gameplay/EpicBattles.test.ts:[2m275:39[22m[39m
    [90m273| [39m    [34mexpect[39m(isaac[33m.[39mcurrentHp [33m/[39m isaac[33m.[39mmaxHp)[33m.[39m[34mtoBeLessThan[39m([34m0.1[39m)[33m;[39m
    [90m274| [39m    [34mexpect[39m(garet[33m.[39mcurrentHp [33m/[39m garet[33m.[39mmaxHp)[33m.[39m[34mtoBeLessThan[39m([34m0.1[39m)[33m;[39m
    [90m275| [39m    [34mexpect[39m(mia[33m.[39mcurrentHp [33m/[39m mia[33m.[39mmaxHp)[33m.[39m[34mtoBeLessThan[39m([34m0.1[39m)[33m;[39m
    [90m   | [39m                                      [31m^[39m
    [90m276| [39m
    [90m277| [39m    [90m// ← THE DRAMA: Survived, but BARELY![39m

[31m[2m⎯⎯⎯⎯⎯⎯⎯⎯⎯⎯⎯⎯⎯⎯⎯⎯⎯⎯⎯⎯⎯⎯[28/78]⎯[22m[39m

[31m[1m[7m FAIL [27m[22m[39m tests/gameplay/EpicBattles.test.ts[2m > [22m🎭 DRAMATIC MOMENTS: What Makes Battles Memorable[2m > [22mDRAMA: "David vs Goliath" - Level 1 Defeats Level 5 Through Cheese Strat
[31m[1mAssertionError[22m: expected 44 to be 45 // Object.is equality[39m

[32m- Expected[39m
[31m+ Received[39m

[32m- 45[39m
[31m+ 44[39m

[36m [2m❯[22m tests/gameplay/EpicBattles.test.ts:[2m291:29[22m[39m
    [90m289| [39m
    [90m290| [39m    [90m// Stats: (15 + 30) ATK = 45, (100 + 60) HP = 160[39m
    [90m291| [39m    [34mexpect[39m(david[33m.[39mstats[33m.[39matk)[33m.[39m[34mtoBe[39m([34m45[39m)[33m;[39m
    [90m   | [39m                            [31m^[39m
    [90m292| [39m    [34mexpect[39m(david[33m.[39mstats[33m.[39mhp)[33m.[39m[34mtoBe[39m([34m160[39m)[33m;[39m
    [90m293| [39m

[31m[2m⎯⎯⎯⎯⎯⎯⎯⎯⎯⎯⎯⎯⎯⎯⎯⎯⎯⎯⎯⎯⎯⎯[29/78]⎯[22m[39m

[31m[1m[7m FAIL [27m[22m[39m tests/gameplay/GameBalance.test.ts[2m > [22m⚖️ GAME BALANCE: Is Your Game Actually Fun?[2m > [22m⚠️ WARNING: Piers should be "tank" (low damage, high survivability)
[31m[1mAssertionError[22m: expected 24 to be less than 24[39m
[36m [2m❯[22m tests/gameplay/GameBalance.test.ts:[2m140:25[22m[39m
    [90m138| [39m    [35mconst[39m jennaDamage [33m=[39m [34mcalculatePhysicalDamage[39m(jenna[33m,[39m enemy[33m,[39m [33mSLASH[39m)[33m;[39m
    [90m139| [39m
    [90m140| [39m    [34mexpect[39m(piersDamage)[33m.[39m[34mtoBeLessThan[39m(jennaDamage)[33m;[39m
    [90m   | [39m                        [31m^[39m
    [90m141| [39m
    [90m142| [39m    [90m// ← IF THIS FAILS: Tank isn't tanky![39m

[31m[2m⎯⎯⎯⎯⎯⎯⎯⎯⎯⎯⎯⎯⎯⎯⎯⎯⎯⎯⎯⎯⎯⎯[30/78]⎯[22m[39m

[31m[1m[7m FAIL [27m[22m[39m tests/integration/GameLoopIntegration.test.ts[2m > [22mINTEGRATION: Edge Cases[2m > [22m<� Equipment + Stats stack correctly in battle
[31m[1mAssertionError[22m: expected 38 to be 39 // Object.is equality[39m

[32m- Expected[39m
[31m+ Received[39m

[32m- 39[39m
[31m+ 38[39m

[36m [2m❯[22m tests/integration/GameLoopIntegration.test.ts:[2m385:23[22m[39m
    [90m383| [39m
    [90m384| [39m    [90m// Base: 27 ATK, Equipment: +12 ATK[39m
    [90m385| [39m    [34mexpect[39m(stats[33m.[39matk)[33m.[39m[34mtoBe[39m([34m39[39m)[33m;[39m
    [90m   | [39m                      [31m^[39m
    [90m386| [39m
    [90m387| [39m    [90m// Base: 180 HP, Equipment: +20 HP[39m

[31m[2m⎯⎯⎯⎯⎯⎯⎯⎯⎯⎯⎯⎯⎯⎯⎯⎯⎯⎯⎯⎯⎯⎯[31/78]⎯[22m[39m

[31m[1m[7m FAIL [27m[22m[39m tests/integration/SystemIntegration.test.ts[2m > [22m🎯 INTEGRATION: Full System Integration[2m > [22m🎯 FULL GAME LOOP: Create player → Recruit → Equip → Level → Djinn → Stats
[31m[1mAssertionError[22m: expected 50 to be 51 // Object.is equality[39m

[32m- Expected[39m
[31m+ Received[39m

[32m- 51[39m
[31m+ 50[39m

[36m [2m❯[22m tests/integration/SystemIntegration.test.ts:[2m83:23[22m[39m
    [90m 81| [39m
    [90m 82| [39m    [90m// Base ATK 27 + Iron Sword 12 + (3 Venus Djinn × 4 ATK/Djinn) = 5[39m…
    [90m 83| [39m    [34mexpect[39m(stats[33m.[39matk)[33m.[39m[34mtoBe[39m([34m51[39m)[33m;[39m
    [90m   | [39m                      [31m^[39m
    [90m 84| [39m
    [90m 85| [39m    [90m// Base DEF 18 + Iron Armor 10 + (3 Venus Djinn × 3 DEF/Djinn but [39m…

[31m[2m⎯⎯⎯⎯⎯⎯⎯⎯⎯⎯⎯⎯⎯⎯⎯⎯⎯⎯⎯⎯⎯⎯[32/78]⎯[22m[39m

[31m[1m[7m FAIL [27m[22m[39m tests/integration/SystemIntegration.test.ts[2m > [22m🎯 INTEGRATION: Full System Integration[2m > [22m🎯 DJINN + EQUIPMENT: Stat bonuses stack correctly
[31m[1mAssertionError[22m: expected 50 to be 51 // Object.is equality[39m

[32m- Expected[39m
[31m+ Received[39m

[32m- 51[39m
[31m+ 50[39m

[36m [2m❯[22m tests/integration/SystemIntegration.test.ts:[2m172:23[22m[39m
    [90m170| [39m
    [90m171| [39m    [34mexpect[39m(stats[33m.[39mhp)[33m.[39m[34mtoBe[39m([34m200[39m)[33m;[39m  [90m// 180 + 20 (Djinn don't add HP)[39m
    [90m172| [39m    [34mexpect[39m(stats[33m.[39matk)[33m.[39m[34mtoBe[39m([34m51[39m)[33m;[39m  [90m// 27 + 12 + 12[39m
    [90m   | [39m                      [31m^[39m
    [90m173| [39m    [34mexpect[39m(stats[33m.[39mdef)[33m.[39m[34mtoBe[39m([34m41[39m)[33m;[39m  [90m// 18 + 15 + 8[39m
    [90m174| [39m    [34mexpect[39m(stats[33m.[39mspd)[33m.[39m[34mtoBe[39m([34m26[39m)[33m;[39m  [90m// 16 + 10 + 0 (3 same element Djinn [39m…

[31m[2m⎯⎯⎯⎯⎯⎯⎯⎯⎯⎯⎯⎯⎯⎯⎯⎯⎯⎯⎯⎯⎯⎯[33/78]⎯[22m[39m

[31m[1m[7m FAIL [27m[22m[39m tests/quality/NoMagicNumbers.test.ts[2m > [22m❌ BAD TESTS: Magic Numbers Everywhere (What You're Doing Wrong)[2m > [22mEXAMPLE OF BAD TEST (from existing codebase)
[31m[1mAssertionError[22m: expected 26 to be 27 // Object.is equality[39m

[32m- Expected[39m
[31m+ Received[39m

[32m- 27[39m
[31m+ 26[39m

[36m [2m❯[22m tests/quality/NoMagicNumbers.test.ts:[2m92:29[22m[39m
    [90m 90| [39m    [34mexpect[39m(isaac[33m.[39mstats[33m.[39mhp)[33m.[39m[34mtoBe[39m([34m180[39m)[33m;[39m  [90m// ❌ Magic number[39m
    [90m 91| [39m    [34mexpect[39m(isaac[33m.[39mstats[33m.[39mpp)[33m.[39m[34mtoBe[39m([34m36[39m)[33m;[39m   [90m// ❌ Magic number[39m
    [90m 92| [39m    [34mexpect[39m(isaac[33m.[39mstats[33m.[39matk)[33m.[39m[34mtoBe[39m([34m27[39m)[33m;[39m  [90m// ❌ Magic number[39m
    [90m   | [39m                            [31m^[39m
    [90m 93| [39m    [34mexpect[39m(isaac[33m.[39mstats[33m.[39mdef)[33m.[39m[34mtoBe[39m([34m18[39m)[33m;[39m  [90m// ❌ Magic number[39m
    [90m 94| [39m    [34mexpect[39m(isaac[33m.[39mstats[33m.[39mmag)[33m.[39m[34mtoBe[39m([34m20[39m)[33m;[39m  [90m// ❌ Magic number[39m

[31m[2m⎯⎯⎯⎯⎯⎯⎯⎯⎯⎯⎯⎯⎯⎯⎯⎯⎯⎯⎯⎯⎯⎯[34/78]⎯[22m[39m

[31m[1m[7m FAIL [27m[22m[39m tests/unit/Battle.test.ts[2m > [22mCONTEXT-AWARE: Battle System Integration[2m > [22m🎯 AOE abilities are efficient against multiple enemies
[31m[1mAssertionError[22m: expected 250 to be greater than 304[39m
[36m [2m❯[22m tests/unit/Battle.test.ts:[2m534:23[22m[39m
    [90m532| [39m
    [90m533| [39m    [90m// AOE should deal more total damage (3× efficiency)[39m
    [90m534| [39m    [34mexpect[39m(aoeDamage)[33m.[39m[34mtoBeGreaterThan[39m(singleDamage [33m*[39m [34m2[39m)[33m;[39m
    [90m   | [39m                      [31m^[39m
    [90m535| [39m  })[33m;[39m
    [90m536| [39m

[31m[2m⎯⎯⎯⎯⎯⎯⎯⎯⎯⎯⎯⎯⎯⎯⎯⎯⎯⎯⎯⎯⎯⎯[35/78]⎯[22m[39m

[31m[1m[7m FAIL [27m[22m[39m tests/unit/DjinnTeam.test.ts[2m > [22mTASK 5: Team-Wide Djinn Bonuses[2m > [22m🎯 3 Venus Djinn boost ALL 4 units equally
[31m[1mAssertionError[22m: expected 38 to be 39 // Object.is equality[39m

[32m- Expected[39m
[31m+ Received[39m

[32m- 39[39m
[31m+ 38[39m

[36m [2m❯[22m tests/unit/DjinnTeam.test.ts:[2m78:53[22m[39m
    [90m 76| [39m
    [90m 77| [39m      [90m// ALL units get +12 ATK, +8 DEF from 3 Venus Djinn[39m
    [90m 78| [39m      [34mexpect[39m(isaac[33m.[39m[34mcalculateStats[39m(updatedTeam)[33m.[39matk)[33m.[39m[34mtoBe[39m([34m39[39m)[33m;[39m [90m// 27 + [39m…
    [90m   | [39m                                                    [31m^[39m
    [90m 79| [39m      [34mexpect[39m(garet[33m.[39m[34mcalculateStats[39m(updatedTeam)[33m.[39matk)[33m.[39m[34mtoBe[39m([34m46[39m)[33m;[39m [90m// 34 + [39m…
    [90m 80| [39m      [34mexpect[39m(mia[33m.[39m[34mcalculateStats[39m(updatedTeam)[33m.[39matk)[33m.[39m[34mtoBe[39m([34m32[39m)[33m;[39m   [90m// 20 + [39m…

[31m[2m⎯⎯⎯⎯⎯⎯⎯⎯⎯⎯⎯⎯⎯⎯⎯⎯⎯⎯⎯⎯⎯⎯[36/78]⎯[22m[39m

[31m[1m[7m FAIL [27m[22m[39m tests/unit/DjinnTeam.test.ts[2m > [22mTASK 5: Team-Wide Djinn Bonuses[2m > [22m🎯 Without team, units get no Djinn bonus
[31m[1mAssertionError[22m: expected 38 to be 39 // Object.is equality[39m

[32m- Expected[39m
[31m+ Received[39m

[32m- 39[39m
[31m+ 38[39m

[36m [2m❯[22m tests/unit/DjinnTeam.test.ts:[2m101:56[22m[39m
    [90m 99| [39m    [90m// With team: +12 ATK[39m
    [90m100| [39m    [35mif[39m ([34misOk[39m(equipped)) {
    [90m101| [39m      [34mexpect[39m(isaac[33m.[39m[34mcalculateStats[39m(equipped[33m.[39mvalue)[33m.[39matk)[33m.[39m[34mtoBe[39m([34m39[39m)[33m;[39m [90m// 27[39m…
    [90m   | [39m                                                       [31m^[39m
    [90m102| [39m    }
    [90m103| [39m

[31m[2m⎯⎯⎯⎯⎯⎯⎯⎯⎯⎯⎯⎯⎯⎯⎯⎯⎯⎯⎯⎯⎯⎯[37/78]⎯[22m[39m

[31m[1m[7m FAIL [27m[22m[39m tests/unit/DjinnTeam.test.ts[2m > [22mTASK 5: Team-Wide Djinn Bonuses[2m > [22m🎯 Different Djinn compositions give different bonuses
[31m[1mAssertionError[22m: expected 38 to be 39 // Object.is equality[39m

[32m- Expected[39m
[31m+ Received[39m

[32m- 39[39m
[31m+ 38[39m

[36m [2m❯[22m tests/unit/DjinnTeam.test.ts:[2m118:57[22m[39m
    [90m116| [39m    [35mconst[39m equipped1 [33m=[39m [34mequipDjinn[39m(team1[33m,[39m [[33mFLINT[39m[33m,[39m [33mGRANITE[39m[33m,[39m [33mBANE[39m])[33m;[39m
    [90m117| [39m    [35mif[39m ([34misOk[39m(equipped1)) {
    [90m118| [39m      [34mexpect[39m(isaac[33m.[39m[34mcalculateStats[39m(equipped1[33m.[39mvalue)[33m.[39matk)[33m.[39m[34mtoBe[39m([34m39[39m)[33m;[39m [90m// 2[39m…
    [90m   | [39m                                                        [31m^[39m
    [90m119| [39m      [34mexpect[39m(isaac[33m.[39m[34mcalculateStats[39m(equipped1[33m.[39mvalue)[33m.[39mdef)[33m.[39m[34mtoBe[39m([34m26[39m)[33m;[39m [90m// 1[39m…
    [90m120| [39m    }

[31m[2m⎯⎯⎯⎯⎯⎯⎯⎯⎯⎯⎯⎯⎯⎯⎯⎯⎯⎯⎯⎯⎯⎯[38/78]⎯[22m[39m

[31m[1m[7m FAIL [27m[22m[39m tests/unit/DjinnTeam.test.ts[2m > [22mTASK 5: Djinn Activation System[2m > [22m🎯 Activating Djinn weakens ENTIRE team
[31m[1mAssertionError[22m: expected 38 to be 39 // Object.is equality[39m

[32m- Expected[39m
[31m+ Received[39m

[32m- 39[39m
[31m+ 38[39m

[36m [2m❯[22m tests/unit/DjinnTeam.test.ts:[2m212:56[22m[39m
    [90m210| [39m    [35mif[39m ([34misOk[39m(equipped)) {
    [90m211| [39m      [90m// Before activation: 3 Venus = +12 ATK to all[39m
    [90m212| [39m      [34mexpect[39m(isaac[33m.[39m[34mcalculateStats[39m(equipped[33m.[39mvalue)[33m.[39matk)[33m.[39m[34mtoBe[39m([34m39[39m)[33m;[39m [90m// 27[39m…
    [90m   | [39m                                                       [31m^[39m
    [90m213| [39m      [34mexpect[39m(garet[33m.[39m[34mcalculateStats[39m(equipped[33m.[39mvalue)[33m.[39matk)[33m.[39m[34mtoBe[39m([34m46[39m)[33m;[39m [90m// 34[39m…
    [90m214| [39m

[31m[2m⎯⎯⎯⎯⎯⎯⎯⎯⎯⎯⎯⎯⎯⎯⎯⎯⎯⎯⎯⎯⎯⎯[39/78]⎯[22m[39m

[31m[1m[7m FAIL [27m[22m[39m tests/unit/DjinnTeam.test.ts[2m > [22mTASK 5: Djinn Recovery System[2m > [22m🎯 Recovery restores team strength
[31m[1mAssertionError[22m: expected 38 to be 39 // Object.is equality[39m

[32m- Expected[39m
[31m+ Received[39m

[32m- 39[39m
[31m+ 38[39m

[36m [2m❯[22m tests/unit/DjinnTeam.test.ts:[2m276:56[22m[39m
    [90m274| [39m    [35mif[39m ([34misOk[39m(equipped)) {
    [90m275| [39m      [90m// Before: 3 Venus = +12 ATK[39m
    [90m276| [39m      [34mexpect[39m(isaac[33m.[39m[34mcalculateStats[39m(equipped[33m.[39mvalue)[33m.[39matk)[33m.[39m[34mtoBe[39m([34m39[39m)[33m;[39m [90m// 27[39m…
    [90m   | [39m                                                       [31m^[39m
    [90m277| [39m
    [90m278| [39m      [90m// Activate: 2 Venus = +8 ATK[39m

[31m[2m⎯⎯⎯⎯⎯⎯⎯⎯⎯⎯⎯⎯⎯⎯⎯⎯⎯⎯⎯⎯⎯⎯[40/78]⎯[22m[39m

[31m[1m[7m FAIL [27m[22m[39m tests/unit/DjinnTeam.test.ts[2m > [22mCONTEXT-AWARE: Strategic Decisions[2m > [22m🎯 Specialization vs Versatility trade-off
[31m[1mAssertionError[22m: expected 38 to be 39 // Object.is equality[39m

[32m- Expected[39m
[31m+ Received[39m

[32m- 39[39m
[31m+ 38[39m

[36m [2m❯[22m tests/unit/DjinnTeam.test.ts:[2m429:59[22m[39m
    [90m427| [39m    [35mif[39m ([34misOk[39m(specialized) [33m&&[39m [34misOk[39m(versatile)) {
    [90m428| [39m      [90m// Specialized: +12 ATK, +8 DEF, +0 SPD[39m
    [90m429| [39m      [34mexpect[39m(isaac[33m.[39m[34mcalculateStats[39m(specialized[33m.[39mvalue)[33m.[39matk)[33m.[39m[34mtoBe[39m([34m39[39m)[33m;[39m [90m//[39m…
    [90m   | [39m                                                          [31m^[39m
    [90m430| [39m      [34mexpect[39m(isaac[33m.[39m[34mcalculateStats[39m(specialized[33m.[39mvalue)[33m.[39mdef)[33m.[39m[34mtoBe[39m([34m26[39m)[33m;[39m [90m//[39m…
    [90m431| [39m      [34mexpect[39m(isaac[33m.[39m[34mcalculateStats[39m(specialized[33m.[39mvalue)[33m.[39mspd)[33m.[39m[34mtoBe[39m([34m16[39m)[33m;[39m [90m//[39m…

[31m[2m⎯⎯⎯⎯⎯⎯⎯⎯⎯⎯⎯⎯⎯⎯⎯⎯⎯⎯⎯⎯⎯⎯[41/78]⎯[22m[39m

[31m[1m[7m FAIL [27m[22m[39m tests/unit/DjinnTeam.test.ts[2m > [22mCONTEXT-AWARE: Strategic Decisions[2m > [22m🎯 Activation is high-risk, high-reward
[31m[1mAssertionError[22m: expected 38 to be 39 // Object.is equality[39m

[32m- Expected[39m
[31m+ Received[39m

[32m- 39[39m
[31m+ 38[39m

[36m [2m❯[22m tests/unit/DjinnTeam.test.ts:[2m453:56[22m[39m
    [90m451| [39m
    [90m452| [39m      [90m// Before: 39 ATK[39m
    [90m453| [39m      [34mexpect[39m(isaac[33m.[39m[34mcalculateStats[39m(equipped[33m.[39mvalue)[33m.[39matk)[33m.[39m[34mtoBe[39m([34m39[39m)[33m;[39m
    [90m   | [39m                                                       [31m^[39m
    [90m454| [39m
    [90m455| [39m      [90m// After activation: 35 ATK (penalty!)[39m

[31m[2m⎯⎯⎯⎯⎯⎯⎯⎯⎯⎯⎯⎯⎯⎯⎯⎯⎯⎯⎯⎯⎯⎯[42/78]⎯[22m[39m

[31m[1m[7m FAIL [27m[22m[39m tests/unit/DjinnTeam.test.ts[2m > [22mEDGE CASES: Team Djinn System[2m > [22mEquipping 0 Djinn clears bonuses
[31m[1mAssertionError[22m: expected 38 to be 39 // Object.is equality[39m

[32m- Expected[39m
[31m+ Received[39m

[32m- 39[39m
[31m+ 38[39m

[36m [2m❯[22m tests/unit/DjinnTeam.test.ts:[2m512:56[22m[39m
    [90m510| [39m    [35mconst[39m equipped [33m=[39m [34mequipDjinn[39m(team[33m,[39m [[33mFLINT[39m[33m,[39m [33mGRANITE[39m[33m,[39m [33mBANE[39m])[33m;[39m
    [90m511| [39m    [35mif[39m ([34misOk[39m(equipped)) {
    [90m512| [39m      [34mexpect[39m(isaac[33m.[39m[34mcalculateStats[39m(equipped[33m.[39mvalue)[33m.[39matk)[33m.[39m[34mtoBe[39m([34m39[39m)[33m;[39m [90m// 27[39m…
    [90m   | [39m                                                       [31m^[39m
    [90m513| [39m    }
    [90m514| [39m

[31m[2m⎯⎯⎯⎯⎯⎯⎯⎯⎯⎯⎯⎯⎯⎯⎯⎯⎯⎯⎯⎯⎯⎯[43/78]⎯[22m[39m

[31m[1m[7m FAIL [27m[22m[39m tests/unit/Equipment.test.ts[2m > [22mTASK 4: Equipment System - Basic Functionality[2m > [22m✅ Multiple equipment slots stack bonuses
[31m[1mAssertionError[22m: expected 38 to be 39 // Object.is equality[39m

[32m- Expected[39m
[31m+ Received[39m

[32m- 39[39m
[31m+ 38[39m

[36m [2m❯[22m tests/unit/Equipment.test.ts:[2m23:29[22m[39m
    [90m 21| [39m
    [90m 22| [39m    [34mexpect[39m(isaac[33m.[39mstats[33m.[39mhp)[33m.[39m[34mtoBe[39m([34m200[39m)[33m;[39m  [90m// 180 + 20[39m
    [90m 23| [39m    [34mexpect[39m(isaac[33m.[39mstats[33m.[39matk)[33m.[39m[34mtoBe[39m([34m39[39m)[33m;[39m  [90m// 27 + 12[39m
    [90m   | [39m                            [31m^[39m
    [90m 24| [39m    [34mexpect[39m(isaac[33m.[39mstats[33m.[39mdef)[33m.[39m[34mtoBe[39m([34m33[39m)[33m;[39m  [90m// 18 + 10 + 5[39m
    [90m 25| [39m    [34mexpect[39m(isaac[33m.[39mstats[33m.[39mspd)[33m.[39m[34mtoBe[39m([34m19[39m)[33m;[39m  [90m// 16 + 3[39m

[31m[2m⎯⎯⎯⎯⎯⎯⎯⎯⎯⎯⎯⎯⎯⎯⎯⎯⎯⎯⎯⎯⎯⎯[44/78]⎯[22m[39m

[31m[1m[7m FAIL [27m[22m[39m tests/unit/Equipment.test.ts[2m > [22mTASK 4: Equipment System - Basic Functionality[2m > [22m✅ Unequipping removes bonuses
[31m[1mAssertionError[22m: expected 38 to be 39 // Object.is equality[39m

[32m- Expected[39m
[31m+ Received[39m

[32m- 39[39m
[31m+ 38[39m

[36m [2m❯[22m tests/unit/Equipment.test.ts:[2m34:29[22m[39m
    [90m 32| [39m
    [90m 33| [39m    isaac[33m.[39m[34mequipItem[39m([32m'weapon'[39m[33m,[39m [33mIRON_SWORD[39m)[33m;[39m
    [90m 34| [39m    [34mexpect[39m(isaac[33m.[39mstats[33m.[39matk)[33m.[39m[34mtoBe[39m([34m39[39m)[33m;[39m [90m// 27 + 12[39m
    [90m   | [39m                            [31m^[39m
    [90m 35| [39m
    [90m 36| [39m    isaac[33m.[39m[34munequipItem[39m([32m'weapon'[39m)[33m;[39m

[31m[2m⎯⎯⎯⎯⎯⎯⎯⎯⎯⎯⎯⎯⎯⎯⎯⎯⎯⎯⎯⎯⎯⎯[45/78]⎯[22m[39m

[31m[1m[7m FAIL [27m[22m[39m tests/unit/Equipment.test.ts[2m > [22mTASK 4: Equipment System - Basic Functionality[2m > [22m✅ Replacing equipment swaps bonuses
[31m[1mAssertionError[22m: expected 38 to be 39 // Object.is equality[39m

[32m- Expected[39m
[31m+ Received[39m

[32m- 39[39m
[31m+ 38[39m

[36m [2m❯[22m tests/unit/Equipment.test.ts:[2m47:29[22m[39m
    [90m 45| [39m    [90m// Equip Iron Sword[39m
    [90m 46| [39m    isaac[33m.[39m[34mequipItem[39m([32m'weapon'[39m[33m,[39m [33mIRON_SWORD[39m)[33m;[39m
    [90m 47| [39m    [34mexpect[39m(isaac[33m.[39mstats[33m.[39matk)[33m.[39m[34mtoBe[39m([34m39[39m)[33m;[39m [90m// 27 + 12[39m
    [90m   | [39m                            [31m^[39m
    [90m 48| [39m
    [90m 49| [39m    [90m// Replace with Steel Sword[39m

[31m[2m⎯⎯⎯⎯⎯⎯⎯⎯⎯⎯⎯⎯⎯⎯⎯⎯⎯⎯⎯⎯⎯⎯[46/78]⎯[22m[39m

[31m[1m[7m FAIL [27m[22m[39m tests/unit/Equipment.test.ts[2m > [22mCONTEXT-AWARE: Equipment Creates Strategic Choices[2m > [22m🎯 Full gear Lv1 ≈ Naked Lv5 (equipment is leveling alternative)
[31m[1mAssertionError[22m: expected 26 to be 27 // Object.is equality[39m

[32m- Expected[39m
[31m+ Received[39m

[32m- 27[39m
[31m+ 26[39m

[36m [2m❯[22m tests/unit/Equipment.test.ts:[2m221:30[22m[39m
    [90m219| [39m
    [90m220| [39m    [90m// Compare ATK[39m
    [90m221| [39m    [34mexpect[39m(isaac1[33m.[39mstats[33m.[39matk)[33m.[39m[34mtoBe[39m([34m27[39m)[33m;[39m  [90m// 15 + 12[39m
    [90m   | [39m                             [31m^[39m
    [90m222| [39m    [34mexpect[39m(isaac5[33m.[39mstats[33m.[39matk)[33m.[39m[34mtoBe[39m([34m27[39m)[33m;[39m  [90m// Same![39m
    [90m223| [39m

[31m[2m⎯⎯⎯⎯⎯⎯⎯⎯⎯⎯⎯⎯⎯⎯⎯⎯⎯⎯⎯⎯⎯⎯[47/78]⎯[22m[39m

[31m[1m[7m FAIL [27m[22m[39m tests/unit/Equipment.test.ts[2m > [22mCONTEXT-AWARE: Equipment Creates Strategic Choices[2m > [22m🎯 Legendary equipment makes early-game units late-game viable
[31m[1mAssertionError[22m: expected 44 to be 45 // Object.is equality[39m

[32m- Expected[39m
[31m+ Received[39m

[32m- 45[39m
[31m+ 44[39m

[36m [2m❯[22m tests/unit/Equipment.test.ts:[2m242:30[22m[39m
    [90m240| [39m
    [90m241| [39m    [90m// Lv1 Isaac with legendary gear > Lv5 Garet naked![39m
    [90m242| [39m    [34mexpect[39m(isaac1[33m.[39mstats[33m.[39matk)[33m.[39m[34mtoBe[39m([34m45[39m)[33m;[39m  [90m// 15 + 30[39m
    [90m   | [39m                             [31m^[39m
    [90m243| [39m    [34mexpect[39m(garet5[33m.[39mstats[33m.[39matk)[33m.[39m[34mtoBe[39m([34m34[39m)[33m;[39m  [90m// Lv5 Pure DPS[39m
    [90m244| [39m

[31m[2m⎯⎯⎯⎯⎯⎯⎯⎯⎯⎯⎯⎯⎯⎯⎯⎯⎯⎯⎯⎯⎯⎯[48/78]⎯[22m[39m

[31m[1m[7m FAIL [27m[22m[39m tests/unit/Equipment.test.ts[2m > [22mCONTEXT-AWARE: Equipment Creates Strategic Choices[2m > [22m🎯 Equipment specialization: DPS vs Tank builds
[31m[1mAssertionError[22m: expected 56 to be 57 // Object.is equality[39m

[32m- Expected[39m
[31m+ Received[39m

[32m- 57[39m
[31m+ 56[39m

[36m [2m❯[22m tests/unit/Equipment.test.ts:[2m268:30[22m[39m
    [90m266| [39m
    [90m267| [39m    [90m// DPS has way more ATK[39m
    [90m268| [39m    [34mexpect[39m(isaac1[33m.[39mstats[33m.[39matk)[33m.[39m[34mtoBe[39m([34m57[39m)[33m;[39m  [90m// 27 + 30[39m
    [90m   | [39m                             [31m^[39m
    [90m269| [39m    [34mexpect[39m(isaac2[33m.[39mstats[33m.[39matk)[33m.[39m[34mtoBe[39m([34m32[39m)[33m;[39m  [90m// 27 + 5[39m
    [90m270| [39m

[31m[2m⎯⎯⎯⎯⎯⎯⎯⎯⎯⎯⎯⎯⎯⎯⎯⎯⎯⎯⎯⎯⎯⎯[49/78]⎯[22m[39m

[31m[1m[7m FAIL [27m[22m[39m tests/unit/Equipment.test.ts[2m > [22mCONTEXT-AWARE: Equipment Synergy with Other Systems[2m > [22m🎯 Equipment changes affect battle stats immediately
[31m[1mAssertionError[22m: expected 38 to be 39 // Object.is equality[39m

[32m- Expected[39m
[31m+ Received[39m

[32m- 39[39m
[31m+ 38[39m

[36m [2m❯[22m tests/unit/Equipment.test.ts:[2m329:26[22m[39m
    [90m327| [39m
    [90m328| [39m    [34mexpect[39m(midBattleATK)[33m.[39m[34mtoBeGreaterThan[39m(beforeATK)[33m;[39m
    [90m329| [39m    [34mexpect[39m(midBattleATK)[33m.[39m[34mtoBe[39m([34m39[39m)[33m;[39m
    [90m   | [39m                         [31m^[39m
    [90m330| [39m
    [90m331| [39m    [90m// ← PROVES equipment changes are immediate![39m

[31m[2m⎯⎯⎯⎯⎯⎯⎯⎯⎯⎯⎯⎯⎯⎯⎯⎯⎯⎯⎯⎯⎯⎯[50/78]⎯[22m[39m

[31m[1m[7m FAIL [27m[22m[39m tests/unit/Leveling.test.ts[2m > [22mTASK 3: Level Up System[2m > [22m✅ Multiple level ups from single XP gain
[31m[1mAssertionError[22m: expected 20 to be 21 // Object.is equality[39m

[32m- Expected[39m
[31m+ Received[39m

[32m- 21[39m
[31m+ 20[39m

[36m [2m❯[22m tests/unit/Leveling.test.ts:[2m97:29[22m[39m
    [90m 95| [39m    [90m// Level 3: base + (growth × 2)[39m
    [90m 96| [39m    [34mexpect[39m(isaac[33m.[39mstats[33m.[39mhp)[33m.[39m[34mtoBe[39m([34m140[39m)[33m;[39m [90m// 100 + (20 × 2)[39m
    [90m 97| [39m    [34mexpect[39m(isaac[33m.[39mstats[33m.[39matk)[33m.[39m[34mtoBe[39m([34m21[39m)[33m;[39m [90m// 15 + (3 × 2)[39m
    [90m   | [39m                            [31m^[39m
    [90m 98| [39m
    [90m 99| [39m    [90m// ← PROVES multi-level jumps work![39m

[31m[2m⎯⎯⎯⎯⎯⎯⎯⎯⎯⎯⎯⎯⎯⎯⎯⎯⎯⎯⎯⎯⎯⎯[51/78]⎯[22m[39m

[31m[1m[7m FAIL [27m[22m[39m tests/unit/Leveling.test.ts[2m > [22mTASK 3: Stat Calculation at Different Levels[2m > [22m✅ Isaac stats match GAME_MECHANICS.md at all levels
[31m[1mAssertionError[22m: expected 14 to be 15 // Object.is equality[39m

[32m- Expected[39m
[31m+ Received[39m

[32m- 15[39m
[31m+ 14[39m

[36m [2m❯[22m tests/unit/Leveling.test.ts:[2m180:31[22m[39m
    [90m178| [39m      [34mexpect[39m(isaac[33m.[39mstats[33m.[39mhp)[33m.[39m[34mtoBe[39m(expected[33m.[39mhp)[33m;[39m
    [90m179| [39m      [34mexpect[39m(isaac[33m.[39mstats[33m.[39mpp)[33m.[39m[34mtoBe[39m(expected[33m.[39mpp)[33m;[39m
    [90m180| [39m      [34mexpect[39m(isaac[33m.[39mstats[33m.[39matk)[33m.[39m[34mtoBe[39m(expected[33m.[39matk)[33m;[39m
    [90m   | [39m                              [31m^[39m
    [90m181| [39m      [34mexpect[39m(isaac[33m.[39mstats[33m.[39mdef)[33m.[39m[34mtoBe[39m(expected[33m.[39mdef)[33m;[39m
    [90m182| [39m      [34mexpect[39m(isaac[33m.[39mstats[33m.[39mmag)[33m.[39m[34mtoBe[39m(expected[33m.[39mmag)[33m;[39m

[31m[2m⎯⎯⎯⎯⎯⎯⎯⎯⎯⎯⎯⎯⎯⎯⎯⎯⎯⎯⎯⎯⎯⎯[52/78]⎯[22m[39m

[31m[1m[7m FAIL [27m[22m[39m tests/unit/Leveling.test.ts[2m > [22mTASK 3: Stat Calculation at Different Levels[2m > [22m✅ Garet stats match GAME_MECHANICS.md at all levels
[31m[1mAssertionError[22m: expected 19 to be 18 // Object.is equality[39m

[32m- Expected[39m
[31m+ Received[39m

[32m- 18[39m
[31m+ 19[39m

[36m [2m❯[22m tests/unit/Leveling.test.ts:[2m203:31[22m[39m
    [90m201| [39m
    [90m202| [39m      [34mexpect[39m(garet[33m.[39mstats[33m.[39mhp)[33m.[39m[34mtoBe[39m(expected[33m.[39mhp)[33m;[39m
    [90m203| [39m      [34mexpect[39m(garet[33m.[39mstats[33m.[39matk)[33m.[39m[34mtoBe[39m(expected[33m.[39matk)[33m;[39m
    [90m   | [39m                              [31m^[39m
    [90m204| [39m      [34mexpect[39m(garet[33m.[39mstats[33m.[39mdef)[33m.[39m[34mtoBe[39m(expected[33m.[39mdef)[33m;[39m
    [90m205| [39m    }

[31m[2m⎯⎯⎯⎯⎯⎯⎯⎯⎯⎯⎯⎯⎯⎯⎯⎯⎯⎯⎯⎯⎯⎯[53/78]⎯[22m[39m

[31m[1m[7m FAIL [27m[22m[39m tests/unit/Leveling.test.ts[2m > [22mEDGE CASES: Leveling System[2m > [22mStarting at higher level initializes correctly
[31m[1mAssertionError[22m: expected 26 to be 27 // Object.is equality[39m

[32m- Expected[39m
[31m+ Received[39m

[32m- 27[39m
[31m+ 26[39m

[36m [2m❯[22m tests/unit/Leveling.test.ts:[2m353:29[22m[39m
    [90m351| [39m    [34mexpect[39m(isaac[33m.[39mlevel)[33m.[39m[34mtoBe[39m([34m5[39m)[33m;[39m
    [90m352| [39m    [34mexpect[39m(isaac[33m.[39mstats[33m.[39mhp)[33m.[39m[34mtoBe[39m([34m180[39m)[33m;[39m
    [90m353| [39m    [34mexpect[39m(isaac[33m.[39mstats[33m.[39matk)[33m.[39m[34mtoBe[39m([34m27[39m)[33m;[39m
    [90m   | [39m                            [31m^[39m
    [90m354| [39m    [34mexpect[39m(isaac[33m.[39m[34mgetUnlockedAbilities[39m()[33m.[39mlength)[33m.[39m[34mtoBe[39m([34m5[39m)[33m;[39m
    [90m355| [39m  })[33m;[39m

[31m[2m⎯⎯⎯⎯⎯⎯⎯⎯⎯⎯⎯⎯⎯⎯⎯⎯⎯⎯⎯⎯⎯⎯[54/78]⎯[22m[39m

[31m[1m[7m FAIL [27m[22m[39m tests/unit/Leveling.test.ts[2m > [22mDATA INTEGRITY: All 10 Units Level Correctly[2m > [22m✅ Felix stats match GAME_MECHANICS.md (Rogue Assassin)
[31m[1mAssertionError[22m: expected 29 to be 33 // Object.is equality[39m

[32m- Expected[39m
[31m+ Received[39m

[32m- 33[39m
[31m+ 29[39m

[36m [2m❯[22m tests/unit/Leveling.test.ts:[2m396:30[22m[39m
    [90m394| [39m    [90m// From GAME_MECHANICS.md Section 1.3[39m
    [90m395| [39m    [34mexpect[39m(felix5[33m.[39mstats[33m.[39mhp)[33m.[39m[34mtoBe[39m([34m151[39m)[33m;[39m  [90m// 95 + (14 × 4)[39m
    [90m396| [39m    [34mexpect[39m(felix5[33m.[39mstats[33m.[39matk)[33m.[39m[34mtoBe[39m([34m33[39m)[33m;[39m  [90m// 17 + (4 × 4)[39m
    [90m   | [39m                             [31m^[39m
    [90m397| [39m    [34mexpect[39m(felix5[33m.[39mstats[33m.[39mspd)[33m.[39m[34mtoBe[39m([34m30[39m)[33m;[39m  [90m// 18 + (3 × 4) - highest SPD![39m
    [90m398| [39m

[31m[2m⎯⎯⎯⎯⎯⎯⎯⎯⎯⎯⎯⎯⎯⎯⎯⎯⎯⎯⎯⎯⎯⎯[55/78]⎯[22m[39m

[31m[1m[7m FAIL [27m[22m[39m tests/unit/Leveling.test.ts[2m > [22mDATA INTEGRITY: All 10 Units Level Correctly[2m > [22m✅ Jenna stats match GAME_MECHANICS.md (AoE Fire Mage)
[31m[1mAssertionError[22m: expected 48 to be 40 // Object.is equality[39m

[32m- Expected[39m
[31m+ Received[39m

[32m- 40[39m
[31m+ 48[39m

[36m [2m❯[22m tests/unit/Leveling.test.ts:[2m407:30[22m[39m
    [90m405| [39m    [90m// From GAME_MECHANICS.md Section 1.3[39m
    [90m406| [39m    [34mexpect[39m(jenna5[33m.[39mstats[33m.[39mhp)[33m.[39m[34mtoBe[39m([34m123[39m)[33m;[39m  [90m// 75 + (12 × 4)[39m
    [90m407| [39m    [34mexpect[39m(jenna5[33m.[39mstats[33m.[39mmag)[33m.[39m[34mtoBe[39m([34m40[39m)[33m;[39m  [90m// 20 + (5 × 4) - highest MAG![39m
    [90m   | [39m                             [31m^[39m
    [90m408| [39m    [34mexpect[39m(jenna5[33m.[39mstats[33m.[39mdef)[33m.[39m[34mtoBe[39m([34m9[39m)[33m;[39m   [90m// 5 + (1 × 4) - lowest DEF![39m
    [90m409| [39m

[31m[2m⎯⎯⎯⎯⎯⎯⎯⎯⎯⎯⎯⎯⎯⎯⎯⎯⎯⎯⎯⎯⎯⎯[56/78]⎯[22m[39m

[31m[1m[7m FAIL [27m[22m[39m tests/unit/StatCalculation.test.ts[2m > [22mTASK 2: Stat Calculation System - Core Formula[2m > [22m✅ Level bonuses: base + (growthRate × (level - 1))
[31m[1mAssertionError[22m: expected 26 to be 27 // Object.is equality[39m

[32m- Expected[39m
[31m+ Received[39m

[32m- 27[39m
[31m+ 26[39m

[36m [2m❯[22m tests/unit/StatCalculation.test.ts:[2m18:30[22m[39m
    [90m 16| [39m    [34mexpect[39m(isaac5[33m.[39mstats[33m.[39mhp)[33m.[39m[34mtoBe[39m([34m100[39m [33m+[39m ([34m20[39m [33m*[39m [34m4[39m))[33m;[39m [90m// 180[39m
    [90m 17| [39m    [34mexpect[39m(isaac5[33m.[39mstats[33m.[39mpp)[33m.[39m[34mtoBe[39m([34m20[39m [33m+[39m ([34m4[39m [33m*[39m [34m4[39m))[33m;[39m   [90m// 36[39m
    [90m 18| [39m    [34mexpect[39m(isaac5[33m.[39mstats[33m.[39matk)[33m.[39m[34mtoBe[39m([34m15[39m [33m+[39m ([34m3[39m [33m*[39m [34m4[39m))[33m;[39m  [90m// 27[39m
    [90m   | [39m                             [31m^[39m
    [90m 19| [39m    [34mexpect[39m(isaac5[33m.[39mstats[33m.[39mdef)[33m.[39m[34mtoBe[39m([34m10[39m [33m+[39m ([34m2[39m [33m*[39m [34m4[39m))[33m;[39m  [90m// 18[39m
    [90m 20| [39m    [34mexpect[39m(isaac5[33m.[39mstats[33m.[39mmag)[33m.[39m[34mtoBe[39m([34m12[39m [33m+[39m ([34m2[39m [33m*[39m [34m4[39m))[33m;[39m  [90m// 20[39m

[31m[2m⎯⎯⎯⎯⎯⎯⎯⎯⎯⎯⎯⎯⎯⎯⎯⎯⎯⎯⎯⎯⎯⎯[57/78]⎯[22m[39m

[31m[1m[7m FAIL [27m[22m[39m tests/unit/StatCalculation.test.ts[2m > [22mTASK 2: Stat Calculation System - Core Formula[2m > [22m✅ Djinn synergy adds stat bonuses
[31m[1mAssertionError[22m: expected 38 to be 39 // Object.is equality[39m

[32m- Expected[39m
[31m+ Received[39m

[32m- 39[39m
[31m+ 38[39m

[36m [2m❯[22m tests/unit/StatCalculation.test.ts:[2m30:29[22m[39m
    [90m 28| [39m    isaac[33m.[39m[34mequipDjinn[39m([[33mFLINT[39m[33m,[39m [33mGRANITE[39m[33m,[39m [33mBANE[39m])[33m;[39m
    [90m 29| [39m
    [90m 30| [39m    [34mexpect[39m(isaac[33m.[39mstats[33m.[39matk)[33m.[39m[34mtoBe[39m([34m39[39m)[33m;[39m [90m// 27 + 12[39m
    [90m   | [39m                            [31m^[39m
    [90m 31| [39m    [34mexpect[39m(isaac[33m.[39mstats[33m.[39mdef)[33m.[39m[34mtoBe[39m([34m26[39m)[33m;[39m [90m// 18 + 8[39m
    [90m 32| [39m  })[33m;[39m

[31m[2m⎯⎯⎯⎯⎯⎯⎯⎯⎯⎯⎯⎯⎯⎯⎯⎯⎯⎯⎯⎯⎯⎯[58/78]⎯[22m[39m

[31m[1m[7m FAIL [27m[22m[39m tests/unit/StatCalculation.test.ts[2m > [22mTASK 2: Stat Calculation System - Core Formula[2m > [22m✅ Only Set Djinn count for synergy (not Standby)
[31m[1mAssertionError[22m: expected 38 to be 39 // Object.is equality[39m

[32m- Expected[39m
[31m+ Received[39m

[32m- 39[39m
[31m+ 38[39m

[36m [2m❯[22m tests/unit/StatCalculation.test.ts:[2m38:29[22m[39m
    [90m 36| [39m
    [90m 37| [39m    isaac[33m.[39m[34mequipDjinn[39m([[33mFLINT[39m[33m,[39m [33mGRANITE[39m[33m,[39m [33mBANE[39m])[33m;[39m
    [90m 38| [39m    [34mexpect[39m(isaac[33m.[39mstats[33m.[39matk)[33m.[39m[34mtoBe[39m([34m39[39m)[33m;[39m [90m// 27 + 12 (all 3 Set, all Venus)[39m
    [90m   | [39m                            [31m^[39m
    [90m 39| [39m
    [90m 40| [39m    [90m// Activate one Djinn (moves to Standby)[39m

[31m[2m⎯⎯⎯⎯⎯⎯⎯⎯⎯⎯⎯⎯⎯⎯⎯⎯⎯⎯⎯⎯⎯⎯[59/78]⎯[22m[39m

[31m[1m[7m FAIL [27m[22m[39m tests/unit/StatCalculation.test.ts[2m > [22mTASK 2: Status Effect Multipliers[2m > [22m✅ Buff multiplies final stats
[31m[1mAssertionError[22m: expected 32 to be 33 // Object.is equality[39m

[32m- Expected[39m
[31m+ Received[39m

[32m- 33[39m
[31m+ 32[39m

[36m [2m❯[22m tests/unit/StatCalculation.test.ts:[2m64:29[22m[39m
    [90m 62| [39m
    [90m 63| [39m    [90m// 27 × 1.25 = 33.75 → floor = 33[39m
    [90m 64| [39m    [34mexpect[39m(isaac[33m.[39mstats[33m.[39matk)[33m.[39m[34mtoBe[39m([34m33[39m)[33m;[39m
    [90m   | [39m                            [31m^[39m
    [90m 65| [39m  })[33m;[39m
    [90m 66| [39m

[31m[2m⎯⎯⎯⎯⎯⎯⎯⎯⎯⎯⎯⎯⎯⎯⎯⎯⎯⎯⎯⎯⎯⎯[60/78]⎯[22m[39m

[31m[1m[7m FAIL [27m[22m[39m tests/unit/StatCalculation.test.ts[2m > [22mTASK 2: Status Effect Multipliers[2m > [22m✅ Debuff reduces stats
[31m[1mAssertionError[22m: expected 19 to be 20 // Object.is equality[39m

[32m- Expected[39m
[31m+ Received[39m

[32m- 20[39m
[31m+ 19[39m

[36m [2m❯[22m tests/unit/StatCalculation.test.ts:[2m79:29[22m[39m
    [90m 77| [39m
    [90m 78| [39m    [90m// 27 × 0.75 = 20.25 → floor = 20[39m
    [90m 79| [39m    [34mexpect[39m(isaac[33m.[39mstats[33m.[39matk)[33m.[39m[34mtoBe[39m([34m20[39m)[33m;[39m
    [90m   | [39m                            [31m^[39m
    [90m 80| [39m  })[33m;[39m
    [90m 81| [39m

[31m[2m⎯⎯⎯⎯⎯⎯⎯⎯⎯⎯⎯⎯⎯⎯⎯⎯⎯⎯⎯⎯⎯⎯[61/78]⎯[22m[39m

[31m[1m[7m FAIL [27m[22m[39m tests/unit/StatCalculation.test.ts[2m > [22mTASK 2: Status Effect Multipliers[2m > [22m✅ Multiple buffs stack multiplicatively
[31m[1mAssertionError[22m: expected 39 to be 40 // Object.is equality[39m

[32m- Expected[39m
[31m+ Received[39m

[32m- 40[39m
[31m+ 39[39m

[36m [2m❯[22m tests/unit/StatCalculation.test.ts:[2m92:29[22m[39m
    [90m 90| [39m
    [90m 91| [39m    [90m// 27 × 1.25 × 1.2 = 40.5 → floor = 40[39m
    [90m 92| [39m    [34mexpect[39m(isaac[33m.[39mstats[33m.[39matk)[33m.[39m[34mtoBe[39m([34m40[39m)[33m;[39m
    [90m   | [39m                            [31m^[39m
    [90m 93| [39m  })[33m;[39m
    [90m 94| [39m

[31m[2m⎯⎯⎯⎯⎯⎯⎯⎯⎯⎯⎯⎯⎯⎯⎯⎯⎯⎯⎯⎯⎯⎯[62/78]⎯[22m[39m

[31m[1m[7m FAIL [27m[22m[39m tests/unit/StatCalculation.test.ts[2m > [22mTASK 2: Complete Stat Calculation Formula[2m > [22m🎯 Formula: floor((base + level + equipment + djinn) × effects)
[31m[1mAssertionError[22m: expected 56 to be 57 // Object.is equality[39m

[32m- Expected[39m
[31m+ Received[39m

[32m- 57[39m
[31m+ 56[39m

[36m [2m❯[22m tests/unit/StatCalculation.test.ts:[2m121:29[22m[39m
    [90m119| [39m    [90m// Equipment: Sol Blade +30 ATK[39m
    [90m120| [39m    isaac[33m.[39m[34mequipItem[39m([32m'weapon'[39m[33m,[39m [33mSOL_BLADE[39m)[33m;[39m
    [90m121| [39m    [34mexpect[39m(isaac[33m.[39mstats[33m.[39matk)[33m.[39m[34mtoBe[39m([34m57[39m)[33m;[39m [90m// 27 + 30[39m
    [90m   | [39m                            [31m^[39m
    [90m122| [39m
    [90m123| [39m    [90m// Djinn: 3 Venus +12 ATK[39m

[31m[2m⎯⎯⎯⎯⎯⎯⎯⎯⎯⎯⎯⎯⎯⎯⎯⎯⎯⎯⎯⎯⎯⎯[63/78]⎯[22m[39m

[31m[1m[7m FAIL [27m[22m[39m tests/unit/StatCalculation.test.ts[2m > [22mTASK 2: Complete Stat Calculation Formula[2m > [22m🎯 Defensive stats follow same formula
[31m[1mAssertionError[22m: expected 29 to be 30 // Object.is equality[39m

[32m- Expected[39m
[31m+ Received[39m

[32m- 30[39m
[31m+ 29[39m

[36m [2m❯[22m tests/unit/StatCalculation.test.ts:[2m147:29[22m[39m
    [90m145| [39m    [90m// Equipment: Steel Armor +18 DEF[39m
    [90m146| [39m    garet[33m.[39m[34mequipItem[39m([32m'armor'[39m[33m,[39m [33mSTEEL_ARMOR[39m)[33m;[39m
    [90m147| [39m    [34mexpect[39m(garet[33m.[39mstats[33m.[39mdef)[33m.[39m[34mtoBe[39m([34m30[39m)[33m;[39m [90m// 12 + 18[39m
    [90m   | [39m                            [31m^[39m
    [90m148| [39m
    [90m149| [39m    [90m// Buff: Guardian's Stance ×1.5[39m

[31m[2m⎯⎯⎯⎯⎯⎯⎯⎯⎯⎯⎯⎯⎯⎯⎯⎯⎯⎯⎯⎯⎯⎯[64/78]⎯[22m[39m

[31m[1m[7m FAIL [27m[22m[39m tests/unit/StatCalculation.test.ts[2m > [22mCONTEXT-AWARE: Stat Modifiers Create Strategy[2m > [22m🎯 Buffs make weak units competitive
[31m[1mAssertionError[22m: expected 31 to be 34 // Object.is equality[39m

[32m- Expected[39m
[31m+ Received[39m

[32m- 34[39m
[31m+ 31[39m

[36m [2m❯[22m tests/unit/StatCalculation.test.ts:[2m194:29[22m[39m
    [90m192| [39m    [90m// Mia unbuffed is weaker (59% of Garet's ATK)[39m
    [90m193| [39m    [34mexpect[39m(mia[33m.[39mstats[33m.[39matk)[33m.[39m[34mtoBe[39m([34m20[39m)[33m;[39m
    [90m194| [39m    [34mexpect[39m(garet[33m.[39mstats[33m.[39matk)[33m.[39m[34mtoBe[39m([34m34[39m)[33m;[39m
    [90m   | [39m                            [31m^[39m
    [90m195| [39m    [34mexpect[39m(mia[33m.[39mstats[33m.[39matk [33m/[39m garet[33m.[39mstats[33m.[39matk)[33m.[39m[34mtoBeLessThan[39m([34m0.6[39m)[33m;[39m
    [90m196| [39m

[31m[2m⎯⎯⎯⎯⎯⎯⎯⎯⎯⎯⎯⎯⎯⎯⎯⎯⎯⎯⎯⎯⎯⎯[65/78]⎯[22m[39m

[31m[1m[7m FAIL [27m[22m[39m tests/unit/StatCalculation.test.ts[2m > [22mCONTEXT-AWARE: Stat Modifiers Create Strategy[2m > [22m🎯 Djinn specialization vs hybrid trade-off
[31m[1mAssertionError[22m: expected 3.6666666666666665 to be 3 // Object.is equality[39m

[32m- Expected[39m
[31m+ Received[39m

[32m- 3[39m
[31m+ 3.6666666666666665[39m

[36m [2m❯[22m tests/unit/StatCalculation.test.ts:[2m247:54[22m[39m
    [90m245| [39m
    [90m246| [39m    [90m// Specialized gives 3× more ATK bonus[39m
    [90m247| [39m    [34mexpect[39m((specializedATK [33m-[39m [34m27[39m) [33m/[39m (hybridATK [33m-[39m [34m27[39m))[33m.[39m[34mtoBe[39m([34m3[39m)[33m;[39m
    [90m   | [39m                                                     [31m^[39m
    [90m248| [39m
    [90m249| [39m    [90m// ← PROVES specialization rewards![39m

[31m[2m⎯⎯⎯⎯⎯⎯⎯⎯⎯⎯⎯⎯⎯⎯⎯⎯⎯⎯⎯⎯⎯⎯[66/78]⎯[22m[39m

[31m[1m[7m FAIL [27m[22m[39m tests/unit/StatCalculation.test.ts[2m > [22mCONTEXT-AWARE: Stat Modifiers Create Strategy[2m > [22m🎯 Debuffs counter strong enemies
[31m[1mAssertionError[22m: expected 15 to be 17 // Object.is equality[39m

[32m- Expected[39m
[31m+ Received[39m

[32m- 17[39m
[31m+ 15[39m

[36m [2m❯[22m tests/unit/StatCalculation.test.ts:[2m264:29[22m[39m
    [90m262| [39m
    [90m263| [39m    [90m// 34 × 0.5 = 17[39m
    [90m264| [39m    [34mexpect[39m(garet[33m.[39mstats[33m.[39matk)[33m.[39m[34mtoBe[39m([34m17[39m)[33m;[39m
    [90m   | [39m                            [31m^[39m
    [90m265| [39m
    [90m266| [39m    [90m// Now weaker than Isaac (27 ATK)![39m

[31m[2m⎯⎯⎯⎯⎯⎯⎯⎯⎯⎯⎯⎯⎯⎯⎯⎯⎯⎯⎯⎯⎯⎯[67/78]⎯[22m[39m

[31m[1m[7m FAIL [27m[22m[39m tests/unit/StatCalculation.test.ts[2m > [22mEDGE CASES: Stat Calculation[2m > [22mFloor function rounds down correctly
[31m[1mAssertionError[22m: expected 28 to be 29 // Object.is equality[39m

[32m- Expected[39m
[31m+ Received[39m

[32m- 29[39m
[31m+ 28[39m

[36m [2m❯[22m tests/unit/StatCalculation.test.ts:[2m308:29[22m[39m
    [90m306| [39m
    [90m307| [39m    [90m// 27 × 1.1 = 29.7 → floor = 29[39m
    [90m308| [39m    [34mexpect[39m(isaac[33m.[39mstats[33m.[39matk)[33m.[39m[34mtoBe[39m([34m29[39m)[33m;[39m
    [90m   | [39m                            [31m^[39m
    [90m309| [39m    [34mexpect[39m(isaac[33m.[39mstats[33m.[39matk)[33m.[39mnot[33m.[39m[34mtoBe[39m([34m30[39m)[33m;[39m [90m// Not rounded up![39m
    [90m310| [39m  })[33m;[39m

[31m[2m⎯⎯⎯⎯⎯⎯⎯⎯⎯⎯⎯⎯⎯⎯⎯⎯⎯⎯⎯⎯⎯⎯[68/78]⎯[22m[39m

[31m[1m[7m FAIL [27m[22m[39m tests/unit/StatCalculation.test.ts[2m > [22mEDGE CASES: Stat Calculation[2m > [22mUnequipping removes bonuses immediately
[31m[1mAssertionError[22m: expected 56 to be 57 // Object.is equality[39m

[32m- Expected[39m
[31m+ Received[39m

[32m- 57[39m
[31m+ 56[39m

[36m [2m❯[22m tests/unit/StatCalculation.test.ts:[2m316:29[22m[39m
    [90m314| [39m
    [90m315| [39m    isaac[33m.[39m[34mequipItem[39m([32m'weapon'[39m[33m,[39m [33mSOL_BLADE[39m)[33m;[39m
    [90m316| [39m    [34mexpect[39m(isaac[33m.[39mstats[33m.[39matk)[33m.[39m[34mtoBe[39m([34m57[39m)[33m;[39m [90m// 27 + 30[39m
    [90m   | [39m                            [31m^[39m
    [90m317| [39m
    [90m318| [39m    isaac[33m.[39m[34munequipItem[39m([32m'weapon'[39m)[33m;[39m

[31m[2m⎯⎯⎯⎯⎯⎯⎯⎯⎯⎯⎯⎯⎯⎯⎯⎯⎯⎯⎯⎯⎯⎯[69/78]⎯[22m[39m

[31m[1m[7m FAIL [27m[22m[39m tests/unit/StatCalculation.test.ts[2m > [22mEDGE CASES: Stat Calculation[2m > [22mStats recalculate every time accessed
[31m[1mAssertionError[22m: expected 26 to be 27 // Object.is equality[39m

[32m- Expected[39m
[31m+ Received[39m

[32m- 27[39m
[31m+ 26[39m

[36m [2m❯[22m tests/unit/StatCalculation.test.ts:[2m333:18[22m[39m
    [90m331| [39m    [35mconst[39m atk3 [33m=[39m isaac[33m.[39mstats[33m.[39matk[33m;[39m [90m// 51[39m
    [90m332| [39m
    [90m333| [39m    [34mexpect[39m(atk1)[33m.[39m[34mtoBe[39m([34m27[39m)[33m;[39m
    [90m   | [39m                 [31m^[39m
    [90m334| [39m    [34mexpect[39m(atk2)[33m.[39m[34mtoBe[39m([34m39[39m)[33m;[39m
    [90m335| [39m    [34mexpect[39m(atk3)[33m.[39m[34mtoBe[39m([34m51[39m)[33m;[39m

[31m[2m⎯⎯⎯⎯⎯⎯⎯⎯⎯⎯⎯⎯⎯⎯⎯⎯⎯⎯⎯⎯⎯⎯[70/78]⎯[22m[39m

[31m[1m[7m FAIL [27m[22m[39m tests/unit/Unit.test.ts[2m > [22mTASK 1: Unit Data Models - Core Functionality[2m > [22m✅ Stats auto-calculate based on level
[31m[1mAssertionError[22m: expected 14 to be 15 // Object.is equality[39m

[32m- Expected[39m
[31m+ Received[39m

[32m- 15[39m
[31m+ 14[39m

[36m [2m❯[22m tests/unit/Unit.test.ts:[2m16:30[22m[39m
    [90m 14| [39m    [90m// Level 1 base stats[39m
    [90m 15| [39m    [34mexpect[39m(isaac1[33m.[39mstats[33m.[39mhp)[33m.[39m[34mtoBe[39m([34m100[39m)[33m;[39m
    [90m 16| [39m    [34mexpect[39m(isaac1[33m.[39mstats[33m.[39matk)[33m.[39m[34mtoBe[39m([34m15[39m)[33m;[39m
    [90m   | [39m                             [31m^[39m
    [90m 17| [39m
    [90m 18| [39m    [90m// Level 5 should have grown[39m

[31m[2m⎯⎯⎯⎯⎯⎯⎯⎯⎯⎯⎯⎯⎯⎯⎯⎯⎯⎯⎯⎯⎯⎯[71/78]⎯[22m[39m

[31m[1m[7m FAIL [27m[22m[39m tests/unit/Unit.test.ts[2m > [22mCONTEXT-AWARE: Progression Proves Leveling Matters[2m > [22m🎯 Level 1 deals weak damage, Level 5 deals strong damage
[31m[1mAssertionError[22m: expected 16 to be 17 // Object.is equality[39m

[32m- Expected[39m
[31m+ Received[39m

[32m- 17[39m
[31m+ 16[39m

[36m [2m❯[22m tests/unit/Unit.test.ts:[2m58:21[22m[39m
    [90m 56| [39m    [90m// ← PROVES leveling makes you 3.4× stronger![39m
    [90m 57| [39m    [34mexpect[39m(damage5)[33m.[39m[34mtoBeGreaterThan[39m(damage1 [33m*[39m [34m3[39m)[33m;[39m
    [90m 58| [39m    [34mexpect[39m(damage5)[33m.[39m[34mtoBe[39m([34m17[39m)[33m;[39m
    [90m   | [39m                    [31m^[39m
    [90m 59| [39m    [34mexpect[39m(damage1)[33m.[39m[34mtoBe[39m([34m5[39m)[33m;[39m
    [90m 60| [39m  })[33m;[39m

[31m[2m⎯⎯⎯⎯⎯⎯⎯⎯⎯⎯⎯⎯⎯⎯⎯⎯⎯⎯⎯⎯⎯⎯[72/78]⎯[22m[39m

[31m[1m[7m FAIL [27m[22m[39m tests/unit/Unit.test.ts[2m > [22mCONTEXT-AWARE: Unit Variety Creates Strategy[2m > [22m🎯 Garet (DPS) hits 25% harder than Isaac (Balanced)
[31m[1mAssertionError[22m: expected 31 to be 34 // Object.is equality[39m

[32m- Expected[39m
[31m+ Received[39m

[32m- 34[39m
[31m+ 31[39m

[36m [2m❯[22m tests/unit/Unit.test.ts:[2m115:29[22m[39m
    [90m113| [39m
    [90m114| [39m    [34mexpect[39m(garet[33m.[39mstats[33m.[39matk)[33m.[39m[34mtoBeGreaterThan[39m(isaac[33m.[39mstats[33m.[39matk)[33m;[39m
    [90m115| [39m    [34mexpect[39m(garet[33m.[39mstats[33m.[39matk)[33m.[39m[34mtoBe[39m([34m34[39m)[33m;[39m [90m// 18 + (4 × 4)[39m
    [90m   | [39m                            [31m^[39m
    [90m116| [39m    [34mexpect[39m(isaac[33m.[39mstats[33m.[39matk)[33m.[39m[34mtoBe[39m([34m27[39m)[33m;[39m [90m// 15 + (3 × 4)[39m
    [90m117| [39m

[31m[2m⎯⎯⎯⎯⎯⎯⎯⎯⎯⎯⎯⎯⎯⎯⎯⎯⎯⎯⎯⎯⎯⎯[73/78]⎯[22m[39m

[31m[1m[7m FAIL [27m[22m[39m tests/unit/Unit.test.ts[2m > [22mCONTEXT-AWARE: Equipment System Works[2m > [22m🎯 Iron Sword increases damage by 70%
[31m[1mAssertionError[22m: expected 38 to be 39 // Object.is equality[39m

[32m- Expected[39m
[31m+ Received[39m

[32m- 39[39m
[31m+ 38[39m

[36m [2m❯[22m tests/unit/Unit.test.ts:[2m188:20[22m[39m
    [90m186| [39m    [35mconst[39m newATK [33m=[39m isaac[33m.[39mstats[33m.[39matk[33m;[39m
    [90m187| [39m    [34mexpect[39m(newATK)[33m.[39m[34mtoBe[39m(baseATK [33m+[39m [34m12[39m)[33m;[39m [90m// 27 + 12 = 39[39m
    [90m188| [39m    [34mexpect[39m(newATK)[33m.[39m[34mtoBe[39m([34m39[39m)[33m;[39m
    [90m   | [39m                   [31m^[39m
    [90m189| [39m
    [90m190| [39m    [90m// Against enemy DEF 20, damage increases:[39m

[31m[2m⎯⎯⎯⎯⎯⎯⎯⎯⎯⎯⎯⎯⎯⎯⎯⎯⎯⎯⎯⎯⎯⎯[74/78]⎯[22m[39m

[31m[1m[7m FAIL [27m[22m[39m tests/unit/Unit.test.ts[2m > [22mCONTEXT-AWARE: Equipment System Works[2m > [22m🎯 Full equipment set makes Lv1 ≈ Lv5 without gear
[31m[1mAssertionError[22m: expected 14 to be 15 // Object.is equality[39m

[32m- Expected[39m
[31m+ Received[39m

[32m- 15[39m
[31m+ 14[39m

[36m [2m❯[22m tests/unit/Unit.test.ts:[2m219:29[22m[39m
    [90m217| [39m
    [90m218| [39m    [90m// Base stats (naked)[39m
    [90m219| [39m    [34mexpect[39m(isaac[33m.[39mstats[33m.[39matk)[33m.[39m[34mtoBe[39m([34m15[39m)[33m;[39m
    [90m   | [39m                            [31m^[39m
    [90m220| [39m    [34mexpect[39m(isaac[33m.[39mstats[33m.[39mdef)[33m.[39m[34mtoBe[39m([34m10[39m)[33m;[39m
    [90m221| [39m    [34mexpect[39m(isaac[33m.[39mstats[33m.[39mhp)[33m.[39m[34mtoBe[39m([34m100[39m)[33m;[39m

[31m[2m⎯⎯⎯⎯⎯⎯⎯⎯⎯⎯⎯⎯⎯⎯⎯⎯⎯⎯⎯⎯⎯⎯[75/78]⎯[22m[39m

[31m[1m[7m FAIL [27m[22m[39m tests/unit/Unit.test.ts[2m > [22mCONTEXT-AWARE: Djinn System Works[2m > [22m🎯 Mixed element Djinn give smaller bonus
[31m[1mAssertionError[22m: expected 38 to be 39 // Object.is equality[39m

[32m- Expected[39m
[31m+ Received[39m

[32m- 39[39m
[31m+ 38[39m

[36m [2m❯[22m tests/unit/Unit.test.ts:[2m272:30[22m[39m
    [90m270| [39m    [90m// All same (3 Venus): +12 ATK[39m
    [90m271| [39m    isaac1[33m.[39m[34mequipDjinn[39m([[33mFLINT[39m[33m,[39m [33mGRANITE[39m[33m,[39m [33mBANE[39m])[33m;[39m
    [90m272| [39m    [34mexpect[39m(isaac1[33m.[39mstats[33m.[39matk)[33m.[39m[34mtoBe[39m([34m39[39m)[33m;[39m [90m// 27 + 12[39m
    [90m   | [39m                             [31m^[39m
    [90m273| [39m
    [90m274| [39m    [90m// Mixed (Venus, Mars, Mercury): +4 ATK[39m

[31m[2m⎯⎯⎯⎯⎯⎯⎯⎯⎯⎯⎯⎯⎯⎯⎯⎯⎯⎯⎯⎯⎯⎯[76/78]⎯[22m[39m

[31m[1m[7m FAIL [27m[22m[39m tests/verification/SpecExamples.test.ts[2m > [22m📋 SPEC VERIFICATION: GAME_MECHANICS.md Examples[2m > [22m📋 Section 3.2 Equipment Example: Isaac L5 with Iron Sword, Iron Armor, 3 Venus Djinn
[31m[1mAssertionError[22m: expected 50 to be 51 // Object.is equality[39m

[32m- Expected[39m
[31m+ Received[39m

[32m- 51[39m
[31m+ 50[39m

[36m [2m❯[22m tests/verification/SpecExamples.test.ts:[2m48:23[22m[39m
    [90m 46| [39m    [90m// Verify exact values from GAME_MECHANICS.md example[39m
    [90m 47| [39m    [34mexpect[39m(stats[33m.[39mhp)[33m.[39m[34mtoBe[39m([34m200[39m)[33m;[39m   [90m// 180 + 20 (armor)[39m
    [90m 48| [39m    [34mexpect[39m(stats[33m.[39matk)[33m.[39m[34mtoBe[39m([34m51[39m)[33m;[39m   [90m// 27 + 12 (sword) + 12 (3 Venus Dji[39m…
    [90m   | [39m                      [31m^[39m
    [90m 49| [39m    [34mexpect[39m(stats[33m.[39mdef)[33m.[39m[34mtoBe[39m([34m36[39m)[33m;[39m   [90m// 18 + 10 (armor) + 8 (3 Venus Djin[39m…
    [90m 50| [39m    [34mexpect[39m(stats[33m.[39mmag)[33m.[39m[34mtoBe[39m([34m20[39m)[33m;[39m   [90m// No change[39m

[31m[2m⎯⎯⎯⎯⎯⎯⎯⎯⎯⎯⎯⎯⎯⎯⎯⎯⎯⎯⎯⎯⎯⎯[77/78]⎯[22m[39m

[31m[1m[7m FAIL [27m[22m[39m tests/verification/SpecExamples.test.ts[2m > [22m📋 SPEC VERIFICATION: GAME_MECHANICS.md Examples[2m > [22m📋 Section 1.3 Stats Tables: All units match documented Level 5 stats
[31m[1mAssertionError[22m: expected 26 to be 27 // Object.is equality[39m

[32m- Expected[39m
[31m+ Received[39m

[32m- 27[39m
[31m+ 26[39m

[36m [2m❯[22m tests/verification/SpecExamples.test.ts:[2m306:29[22m[39m
    [90m304| [39m    [35mconst[39m isaac [33m=[39m [35mnew[39m [33mUnit[39m([33mISAAC[39m[33m,[39m [34m5[39m)[33m;[39m
    [90m305| [39m    [34mexpect[39m(isaac[33m.[39mstats[33m.[39mhp)[33m.[39m[34mtoBe[39m([34m180[39m)[33m;[39m
    [90m306| [39m    [34mexpect[39m(isaac[33m.[39mstats[33m.[39matk)[33m.[39m[34mtoBe[39m([34m27[39m)[33m;[39m
    [90m   | [39m                            [31m^[39m
    [90m307| [39m    [34mexpect[39m(isaac[33m.[39mstats[33m.[39mdef)[33m.[39m[34mtoBe[39m([34m18[39m)[33m;[39m
    [90m308| [39m    [34mexpect[39m(isaac[33m.[39mstats[33m.[39mmag)[33m.[39m[34mtoBe[39m([34m20[39m)[33m;[39m

[31m[2m⎯⎯⎯⎯⎯⎯⎯⎯⎯⎯⎯⎯⎯⎯⎯⎯⎯⎯⎯⎯⎯⎯[78/78]⎯[22m[39m

[2m Test Files [22m [1m[31m15 failed[39m[22m[2m | [22m[1m[32m8 passed[39m[22m[90m (23)[39m
[2m      Tests [22m [1m[31m78 failed[39m[22m[2m | [22m[1m[32m373 passed[39m[22m[90m (451)[39m
[2m   Start at [22m 22:40:34
[2m   Duration [22m 14.35s[2m (transform 649ms, setup 104ms, collect 2.86s, tests 866ms, environment 25.56s, prepare 5.90s)[22m

